Component: ARM Compiler 5.06 update 7 (build 960) Tool: armlink [4d3601]

==============================================================================

Section Cross References

    bsp_gpio.o(i.gpio_init) refers to stm32f10x_rcc.o(i.RCC_APB2PeriphClockCmd) for RCC_APB2PeriphClockCmd
    bsp_gpio.o(i.gpio_init) refers to stm32f10x_gpio.o(i.GPIO_Init) for GPIO_Init
    bsp_system_init.o(i.cpu_init) refers to stm32f10x_rcc.o(i.RCC_APB2PeriphClockCmd) for RCC_APB2PeriphClockCmd
    stm32f10x_it.o(i.DMA1_Channel5_IRQHandler) refers to stm32f10x_dma.o(i.DMA_GetFlagStatus) for DMA_GetFlagStatus
    stm32f10x_it.o(i.DMA1_Channel5_IRQHandler) refers to bsp_dma.o(i.uart1_DMA1_renew) for uart1_DMA1_renew
    stm32f10x_it.o(i.DMA1_Channel5_IRQHandler) refers to stm32f10x_dma.o(i.DMA_ClearFlag) for DMA_ClearFlag
    stm32f10x_it.o(i.SysTick_Handler) refers to port.o(i.xPortSysTickHandler) for xPortSysTickHandler
    main_freertos.o(i.AppTaskCreate) refers to port.o(i.vPortEnterCritical) for vPortEnterCritical
    main_freertos.o(i.AppTaskCreate) refers to queue.o(i.xQueueGenericCreate) for xQueueGenericCreate
    main_freertos.o(i.AppTaskCreate) refers to printf8.o(i.__0printf$8) for __2printf
    main_freertos.o(i.AppTaskCreate) refers to tasks.o(i.xTaskCreate) for xTaskCreate
    main_freertos.o(i.AppTaskCreate) refers to tasks.o(i.vTaskDelete) for vTaskDelete
    main_freertos.o(i.AppTaskCreate) refers to port.o(i.vPortExitCritical) for vPortExitCritical
    main_freertos.o(i.AppTaskCreate) refers to main_freertos.o(.data) for Binary_uart_Sem_Handle
    main_freertos.o(i.AppTaskCreate) refers to main_freertos.o(i.LED_Task) for LED_Task
    main_freertos.o(i.AppTaskCreate) refers to main_freertos.o(i.MP3_Play_Task) for MP3_Play_Task
    main_freertos.o(i.Board_init) refers to misc.o(i.NVIC_PriorityGroupConfig) for NVIC_PriorityGroupConfig
    main_freertos.o(i.Board_init) refers to bsp_gpio.o(i.gpio_init) for gpio_init
    main_freertos.o(i.Board_init) refers to vs1053.o(i.vs1053_init) for vs1053_init
    main_freertos.o(i.Board_init) refers to bsp_uart.o(i.uart1_init) for uart1_init
    main_freertos.o(i.Board_init) refers to bsp_dma.o(i.uart1_DMA1_init) for uart1_DMA1_init
    main_freertos.o(i.LED_Task) refers to stm32f10x_gpio.o(i.GPIO_SetBits) for GPIO_SetBits
    main_freertos.o(i.LED_Task) refers to tasks.o(i.vTaskDelay) for vTaskDelay
    main_freertos.o(i.LED_Task) refers to stm32f10x_gpio.o(i.GPIO_ResetBits) for GPIO_ResetBits
    main_freertos.o(i.MP3_Play_Task) refers to stm32f10x_gpio.o(i.GPIO_ReadInputDataBit) for GPIO_ReadInputDataBit
    main_freertos.o(i.MP3_Play_Task) refers to printf8.o(i.__0printf$8) for __2printf
    main_freertos.o(i.MP3_Play_Task) refers to vs1053.o(i.vs1053_hardware_reset) for vs1053_hardware_reset
    main_freertos.o(i.MP3_Play_Task) refers to vs1053.o(i.vs1053_soft_reset) for vs1053_soft_reset
    main_freertos.o(i.MP3_Play_Task) refers to vs1053.o(i.vs1053_write_cmd) for vs1053_write_cmd
    main_freertos.o(i.MP3_Play_Task) refers to vs1053.o(i.vs1053_read_reg) for vs1053_read_reg
    main_freertos.o(i.MP3_Play_Task) refers to stm32f10x_dma.o(i.DMA_Cmd) for DMA_Cmd
    main_freertos.o(i.MP3_Play_Task) refers to vs1053.o(i.vs1053_send_music_data) for vs1053_send_music_data
    main_freertos.o(i.MP3_Play_Task) refers to vs1053.o(i.vs1053b_stop) for vs1053b_stop
    main_freertos.o(i.MP3_Play_Task) refers to mp3.o(.bss) for mp3_arry3
    main_freertos.o(i.MP3_Play_Task) refers to main_freertos.o(.data) for r_index
    main_freertos.o(i.main) refers to main_freertos.o(i.Board_init) for Board_init
    main_freertos.o(i.main) refers to tasks.o(i.xTaskCreate) for xTaskCreate
    main_freertos.o(i.main) refers to tasks.o(i.vTaskStartScheduler) for vTaskStartScheduler
    main_freertos.o(i.main) refers to main_freertos.o(.data) for AppTaskCreate_Handle_t
    main_freertos.o(i.main) refers to main_freertos.o(i.AppTaskCreate) for AppTaskCreate
    main_freertos.o(i.uart_Task) refers to tasks.o(i.vTaskDelay) for vTaskDelay
    vs1053.o(i.SPI_TIMEOUT_UserCallback) refers to printf8.o(i.__0printf$8) for __2printf
    vs1053.o(i.end_fill_byte_send) refers to stm32f10x_gpio.o(i.GPIO_ReadInputDataBit) for GPIO_ReadInputDataBit
    vs1053.o(i.end_fill_byte_send) refers to vs1053.o(i.SPI_TIMEOUT_UserCallback) for SPI_TIMEOUT_UserCallback
    vs1053.o(i.end_fill_byte_send) refers to stm32f10x_spi.o(i.SPI_I2S_GetFlagStatus) for SPI_I2S_GetFlagStatus
    vs1053.o(i.end_fill_byte_send) refers to stm32f10x_gpio.o(i.GPIO_ResetBits) for GPIO_ResetBits
    vs1053.o(i.end_fill_byte_send) refers to stm32f10x_spi.o(i.SPI_I2S_SendData) for SPI_I2S_SendData
    vs1053.o(i.end_fill_byte_send) refers to stm32f10x_spi.o(i.SPI_I2S_ReceiveData) for SPI_I2S_ReceiveData
    vs1053.o(i.end_fill_byte_send) refers to stm32f10x_gpio.o(i.GPIO_SetBits) for GPIO_SetBits
    vs1053.o(i.end_fill_byte_send) refers to vs1053.o(.data) for SPITimeout
[...]
    printf7.o(i.__0sprintf$7) refers to printf7.o(i._sputc) for _sputc
    printf7.o(i.__0vfprintf$7) refers to printf7.o(i._printf_core) for _printf_core
    printf7.o(i.__0vfprintf$7) refers to bsp_uart.o(i.fputc) for fputc
    printf7.o(i.__0vprintf$7) refers to printf7.o(i._printf_core) for _printf_core
    printf7.o(i.__0vprintf$7) refers to bsp_uart.o(i.fputc) for fputc
    printf7.o(i.__0vprintf$7) refers to stdout.o(.data) for __stdout
    printf7.o(i.__0vsnprintf$7) refers to printf7.o(i._printf_core) for _printf_core
    printf7.o(i.__0vsnprintf$7) refers to printf7.o(i._snputc) for _snputc
    printf7.o(i.__0vsprintf$7) refers to printf7.o(i._printf_core) for _printf_core
    printf7.o(i.__0vsprintf$7) refers to printf7.o(i._sputc) for _sputc
    printf7.o(i._printf_core) refers to printf7.o(i._printf_pre_padding) for _printf_pre_padding
    printf7.o(i._printf_core) refers to uldiv.o(.text) for __aeabi_uldivmod
    printf7.o(i._printf_core) refers to printf7.o(i._printf_post_padding) for _printf_post_padding
    printf8.o(i.__0fprintf$8) refers to printf8.o(i._printf_core) for _printf_core
    printf8.o(i.__0fprintf$8) refers to bsp_uart.o(i.fputc) for fputc
    printf8.o(i.__0printf$8) refers to printf8.o(i._printf_core) for _printf_core
    printf8.o(i.__0printf$8) refers to bsp_uart.o(i.fputc) for fputc
    printf8.o(i.__0printf$8) refers to stdout.o(.data) for __stdout
    printf8.o(i.__0snprintf$8) refers to printf8.o(i._printf_core) for _printf_core
    printf8.o(i.__0snprintf$8) refers to printf8.o(i._snputc) for _snputc
    printf8.o(i.__0sprintf$8) refers to printf8.o(i._printf_core) for _printf_core
    printf8.o(i.__0sprintf$8) refers to printf8.o(i._sputc) for _sputc
    printf8.o(i.__0vfprintf$8) refers to printf8.o(i._printf_core) for _printf_core
    printf8.o(i.__0vfprintf$8) refers to bsp_uart.o(i.fputc) for fputc
    printf8.o(i.__0vprintf$8) refers to printf8.o(i._printf_core) for _printf_core
    printf8.o(i.__0vprintf$8) refers to bsp_uart.o(i.fputc) for fputc
    printf8.o(i.__0vprintf$8) refers to stdout.o(.data) for __stdout
    printf8.o(i.__0vsnprintf$8) refers to printf8.o(i._printf_core) for _printf_core
    printf8.o(i.__0vsnprintf$8) refers to printf8.o(i._snputc) for _snputc
    printf8.o(i.__0vsprintf$8) refers to printf8.o(i._printf_core) for _printf_core
    printf8.o(i.__0vsprintf$8) refers to printf8.o(i._sputc) for _sputc
    printf8.o(i._printf_core) refers to printf8.o(i._printf_pre_padding) for _printf_pre_padding
    printf8.o(i._printf_core) refers to uldiv.o(.text) for __aeabi_uldivmod
    printf8.o(i._printf_core) refers to printf8.o(i._printf_post_padding) for _printf_post_padding
    printfa.o(i.__0fprintf) refers (Special) to iusefp.o(.text) for __I$use$fp
    printfa.o(i.__0fprintf) refers to printfa.o(i._printf_core) for _printf_core
    printfa.o(i.__0fprintf) refers to bsp_uart.o(i.fputc) for fputc
    printfa.o(i.__0printf) refers (Special) to iusefp.o(.text) for __I$use$fp
    printfa.o(i.__0printf) refers to printfa.o(i._printf_core) for _printf_core
    printfa.o(i.__0printf) refers to bsp_uart.o(i.fputc) for fputc
    printfa.o(i.__0printf) refers to stdout.o(.data) for __stdout
    printfa.o(i.__0snprintf) refers (Special) to iusefp.o(.text) for __I$use$fp
    printfa.o(i.__0snprintf) refers to printfa.o(i._printf_core) for _printf_core
    printfa.o(i.__0snprintf) refers to printfa.o(i._snputc) for _snputc
    printfa.o(i.__0sprintf) refers (Special) to iusefp.o(.text) for __I$use$fp
    printfa.o(i.__0sprintf) refers to printfa.o(i._printf_core) for _printf_core
    printfa.o(i.__0sprintf) refers to printfa.o(i._sputc) for _sputc
    printfa.o(i.__0vfprintf) refers (Special) to iusefp.o(.text) for __I$use$fp
    printfa.o(i.__0vfprintf) refers to printfa.o(i._printf_core) for _printf_core
    printfa.o(i.__0vfprintf) refers to bsp_uart.o(i.fputc) for fputc
    printfa.o(i.__0vprintf) refers (Special) to iusefp.o(.text) for __I$use$fp
    printfa.o(i.__0vprintf) refers to printfa.o(i._printf_core) for _printf_core
    printfa.o(i.__0vprintf) refers to bsp_uart.o(i.fputc) for fputc
    printfa.o(i.__0vprintf) refers to stdout.o(.data) for __stdout
    printfa.o(i.__0vsnprintf) refers (Special) to iusefp.o(.text) for __I$use$fp
    printfa.o(i.__0vsnprintf) refers to printfa.o(i._printf_core) for _printf_core
    printfa.o(i.__0vsnprintf) refers to printfa.o(i._snputc) for _snputc
    printfa.o(i.__0vsprintf) refers (Special) to iusefp.o(.text) for __I$use$fp
    printfa.o(i.__0vsprintf) refers to printfa.o(i._printf_core) for _printf_core
    printfa.o(i.__0vsprintf) refers to printfa.o(i._sputc) for _sputc
    printfa.o(i._fp_digits) refers (Special) to iusefp.o(.text) for __I$use$fp
    printfa.o(i._fp_digits) refers to dmul.o(.text) for __aeabi_dmul
    printfa.o(i._fp_digits) refers to ddiv.o(.text) for __aeabi_ddiv
    printfa.o(i._fp_digits) refers to cdrcmple.o(.text) for __aeabi_cdrcmple
    printfa.o(i._fp_digits) refers to dadd.o(.text) for __aeabi_dadd
    printfa.o(i._fp_digits) refers to dfixul.o(.text) for __aeabi_d2ulz
    printfa.o(i._fp_digits) refers to uldiv.o(.text) for __aeabi_uldivmod
    printfa.o(i._printf_core) refers (Special) to iusefp.o(.text) for __I$use$fp
    printfa.o(i._printf_core) refers to printfa.o(i._printf_pre_padding) for _printf_pre_padding
    printfa.o(i._printf_core) refers to uldiv.o(.text) for __aeabi_uldivmod
    printfa.o(i._printf_core) refers to printfa.o(i._printf_post_padding) for _printf_post_padding
    printfa.o(i._printf_core) refers to printfa.o(i._fp_digits) for _fp_digits
    printfa.o(i._printf_core) refers to uidiv.o(.text) for __aeabi_uidivmod
    printfa.o(i._printf_post_padding) refers (Special) to iusefp.o(.text) for __I$use$fp
    printfa.o(i._printf_pre_padding) refers (Special) to iusefp.o(.text) for __I$use$fp
    printfa.o(i._snputc) refers (Special) to iusefp.o(.text) for __I$use$fp
    printfa.o(i._sputc) refers (Special) to iusefp.o(.text) for __I$use$fp
    fadd.o(.text) refers (Special) to iusefp.o(.text) for __I$use$fp
    fadd.o(.text) refers to fepilogue.o(.text) for _float_epilogue
    fdiv.o(.text) refers (Special) to iusefp.o(.text) for __I$use$fp
    fdiv.o(.text) refers to fepilogue.o(.text) for _float_round
    ffixui.o(.text) refers (Special) to iusefp.o(.text) for __I$use$fp
    entry2.o(.ARM.Collect$$$$00000001) refers to entry2.o(.ARM.Collect$$$$00002712) for __lit__00000000
    entry2.o(.ARM.Collect$$$$00002712) refers to startup_stm32f10x_hd.o(STACK) for __initial_sp
    entry2.o(__vectab_stack_and_reset_area) refers to startup_stm32f10x_hd.o(STACK) for __initial_sp
    entry2.o(__vectab_stack_and_reset_area) refers to entry.o(.ARM.Collect$$$$00000000) for __main
    entry5.o(.ARM.Collect$$$$00000004) refers to init.o(.text) for __scatterload
    entry9a.o(.ARM.Collect$$$$0000000B) refers to main_freertos.o(i.main) for main
    entry9b.o(.ARM.Collect$$$$0000000C) refers to main_freertos.o(i.main) for main
    uldiv.o(.text) refers to llushr.o(.text) for __aeabi_llsr
    uldiv.o(.text) refers to llshl.o(.text) for __aeabi_llsl
    dadd.o(.text) refers to llshl.o(.text) for __aeabi_llsl
    dadd.o(.text) refers to llsshr.o(.text) for __aeabi_lasr
    dadd.o(.text) refers to depilogue.o(.text) for _double_epilogue
    dmul.o(.text) refers to depilogue.o(.text) for _double_epilogue
    ddiv.o(.text) refers to depilogue.o(.text) for _double_round
    dfixul.o(.text) refers to llushr.o(.text) for __aeabi_llsr
    dfixul.o(.text) refers to llshl.o(.text) for __aeabi_llsl
    init.o(.text) refers to entry5.o(.ARM.Collect$$$$00000004) for __main_after_scatterload
    depilogue.o(.text) refers to llshl.o(.text) for __aeabi_llsl
    depilogue.o(.text) refers to llushr.o(.text) for __aeabi_llsr


==============================================================================

Removing Unused input sections from the image.

    Removing bsp_system_init.o(i.cpu_init), (12 bytes).
    Removing main_freertos.o(i.uart_Task), (14 bytes).
    Removing main_freertos.o(.bss), (32 bytes).
    Removing vs1053.o(i.vs1053_read_write_byte), (124 bytes).
    Removing vs1053.o(.bss), (64 bytes).
    Removing bsp_uart.o(i.fgetc), (32 bytes).
    Removing bsp_uart.o(i.uart_send_array), (48 bytes).
    Removing bsp_uart.o(i.uart_send_byte), (30 bytes).
    Removing bsp_uart.o(i.uart_send_string), (42 bytes).
    Removing bsp_dma.o(.bss), (54272 bytes).
    Removing bsp_dma.o(.data), (1 bytes).
    Removing mp3.o(.constdata), (8 bytes).
    Removing queue.o(i.prvCopyDataFromQueue), (42 bytes).
    Removing queue.o(i.prvCopyDataToQueue), (106 bytes).
    Removing queue.o(i.prvIsQueueEmpty), (26 bytes).
    Removing queue.o(i.prvIsQueueFull), (30 bytes).
    Removing queue.o(i.prvUnlockQueue), (126 bytes).
    Removing queue.o(i.uxQueueMessagesWaiting), (18 bytes).
    Removing queue.o(i.uxQueueMessagesWaitingFromISR), (8 bytes).
    Removing queue.o(i.uxQueueSpacesAvailable), (24 bytes).
    Removing queue.o(i.vQueueDelete), (14 bytes).
    Removing queue.o(i.xQueueGenericSend), (280 bytes).
    Removing queue.o(i.xQueueGenericSendFromISR), (152 bytes).
    Removing queue.o(i.xQueueGiveFromISR), (132 bytes).
    Removing queue.o(i.xQueueIsQueueEmptyFromISR), (16 bytes).
    Removing queue.o(i.xQueueIsQueueFullFromISR), (22 bytes).
    Removing queue.o(i.xQueuePeek), (268 bytes).
    Removing queue.o(i.xQueuePeekFromISR), (74 bytes).
    Removing queue.o(i.xQueueReceive), (260 bytes).
    Removing queue.o(i.xQueueReceiveFromISR), (140 bytes).
    Removing queue.o(i.xQueueSemaphoreTake), (240 bytes).
    Removing event_groups.o(i.prvTestWaitCondition), (30 bytes).
    Removing event_groups.o(i.vEventGroupClearBitsCallback), (16 bytes).
    Removing event_groups.o(i.vEventGroupDelete), (42 bytes).
    Removing event_groups.o(i.vEventGroupSetBitsCallback), (16 bytes).
    Removing event_groups.o(i.xEventGroupClearBits), (32 bytes).
    Removing event_groups.o(i.xEventGroupCreate), (26 bytes).
    Removing event_groups.o(i.xEventGroupGetBitsFromISR), (44 bytes).
    Removing event_groups.o(i.xEventGroupSetBits), (146 bytes).
    Removing event_groups.o(i.xEventGroupSync), (168 bytes).
    Removing event_groups.o(i.xEventGroupWaitBits), (204 bytes).
    Removing stream_buffer.o(i.prvBytesInBuffer), (24 bytes).
    Removing stream_buffer.o(i.prvInitialiseNewStreamBuffer), (42 bytes).
    Removing stream_buffer.o(i.prvReadBytesFromBuffer), (76 bytes).
    Removing stream_buffer.o(i.prvReadMessageFromBuffer), (90 bytes).
    Removing stream_buffer.o(i.prvWriteBytesToBuffer), (76 bytes).
    Removing stream_buffer.o(i.prvWriteMessageToBuffer), (88 bytes).
    Removing stream_buffer.o(i.vStreamBufferDelete), (32 bytes).
    Removing stream_buffer.o(i.xStreamBufferBytesAvailable), (18 bytes).
    Removing stream_buffer.o(i.xStreamBufferGenericCreate), (82 bytes).
    Removing stream_buffer.o(i.xStreamBufferIsEmpty), (22 bytes).
    Removing stream_buffer.o(i.xStreamBufferIsFull), (40 bytes).
    Removing stream_buffer.o(i.xStreamBufferNextMessageLengthBytes), (52 bytes).
    Removing stream_buffer.o(i.xStreamBufferReceive), (176 bytes).
    Removing stream_buffer.o(i.xStreamBufferReceiveCompletedFromISR), (80 bytes).
    Removing stream_buffer.o(i.xStreamBufferReceiveFromISR), (132 bytes).
    Removing stream_buffer.o(i.xStreamBufferReset), (56 bytes).
    Removing stream_buffer.o(i.xStreamBufferSend), (226 bytes).
    Removing stream_buffer.o(i.xStreamBufferSendCompletedFromISR), (80 bytes).
    Removing stream_buffer.o(i.xStreamBufferSendFromISR), (134 bytes).
    Removing stream_buffer.o(i.xStreamBufferSetTriggerLevel), (26 bytes).
    Removing stream_buffer.o(i.xStreamBufferSpacesAvailable), (40 bytes).
    Removing tasks.o(i.pcTaskGetName), (24 bytes).
    Removing tasks.o(i.prvTaskIsTaskSuspended), (64 bytes).
    Removing tasks.o(i.ulTaskGenericNotifyTake), (136 bytes).
    Removing tasks.o(i.ulTaskGenericNotifyValueClear), (64 bytes).
    Removing tasks.o(i.uxTaskGetNumberOfTasks), (12 bytes).
    Removing tasks.o(i.uxTaskPriorityGet), (36 bytes).
    Removing tasks.o(i.uxTaskPriorityGetFromISR), (56 bytes).
    Removing tasks.o(i.uxTaskResetEventItemValue), (28 bytes).
    Removing tasks.o(i.vTaskEndScheduler), (36 bytes).
    Removing tasks.o(i.vTaskGenericNotifyGiveFromISR), (336 bytes).
    Removing tasks.o(i.vTaskInternalSetTimeOutState), (24 bytes).
    Removing tasks.o(i.vTaskMissedYield), (12 bytes).
    Removing tasks.o(i.vTaskPlaceOnEventList), (32 bytes).
    Removing tasks.o(i.vTaskPlaceOnUnorderedEventList), (80 bytes).
    Removing tasks.o(i.vTaskPrioritySet), (284 bytes).
    Removing tasks.o(i.vTaskRemoveFromUnorderedEventList), (208 bytes).
    Removing tasks.o(i.vTaskResume), (172 bytes).
    Removing tasks.o(i.vTaskSetTimeOutState), (36 bytes).
    Removing tasks.o(i.vTaskSuspend), (216 bytes).
    Removing tasks.o(i.xTaskCatchUpTicks), (40 bytes).
    Removing tasks.o(i.xTaskCheckForTimeOut), (96 bytes).
    Removing tasks.o(i.xTaskDelayUntil), (116 bytes).
    Removing tasks.o(i.xTaskGenericNotify), (332 bytes).
    Removing tasks.o(i.xTaskGenericNotifyFromISR), (504 bytes).
    Removing tasks.o(i.xTaskGenericNotifyStateClear), (64 bytes).
    Removing tasks.o(i.xTaskGenericNotifyWait), (172 bytes).
    Removing tasks.o(i.xTaskGetCurrentTaskHandle), (12 bytes).
    Removing tasks.o(i.xTaskGetTickCount), (12 bytes).
    Removing tasks.o(i.xTaskGetTickCountFromISR), (12 bytes).
    Removing tasks.o(i.xTaskResumeFromISR), (216 bytes).
    Removing startup_stm32f10x_hd.o(HEAP), (512 bytes).
    Removing core_cm3.o(.emb_text), (32 bytes).
    Removing system_stm32f10x.o(i.SystemCoreClockUpdate), (164 bytes).
    Removing stm32f10x_rcc.o(i.RCC_ADCCLKConfig), (24 bytes).
    Removing stm32f10x_rcc.o(i.RCC_APB1PeriphResetCmd), (32 bytes).
    Removing stm32f10x_rcc.o(i.RCC_APB2PeriphResetCmd), (32 bytes).
    Removing stm32f10x_rcc.o(i.RCC_AdjustHSICalibrationValue), (24 bytes).
    Removing stm32f10x_rcc.o(i.RCC_BackupResetCmd), (12 bytes).
    Removing stm32f10x_rcc.o(i.RCC_ClearFlag), (20 bytes).
    Removing stm32f10x_rcc.o(i.RCC_ClearITPendingBit), (12 bytes).
    Removing stm32f10x_rcc.o(i.RCC_ClockSecuritySystemCmd), (12 bytes).
    Removing stm32f10x_rcc.o(i.RCC_DeInit), (76 bytes).
    Removing stm32f10x_rcc.o(i.RCC_GetFlagStatus), (60 bytes).
    Removing stm32f10x_rcc.o(i.RCC_GetITStatus), (24 bytes).
    Removing stm32f10x_rcc.o(i.RCC_GetSYSCLKSource), (16 bytes).
    Removing stm32f10x_rcc.o(i.RCC_HCLKConfig), (24 bytes).
    Removing stm32f10x_rcc.o(i.RCC_HSEConfig), (76 bytes).
    Removing stm32f10x_rcc.o(i.RCC_HSICmd), (12 bytes).
    Removing stm32f10x_rcc.o(i.RCC_ITConfig), (32 bytes).
    Removing stm32f10x_rcc.o(i.RCC_LSEConfig), (52 bytes).
    Removing stm32f10x_rcc.o(i.RCC_LSICmd), (12 bytes).
    Removing stm32f10x_rcc.o(i.RCC_MCOConfig), (12 bytes).
    Removing stm32f10x_rcc.o(i.RCC_PCLK1Config), (24 bytes).
    Removing stm32f10x_rcc.o(i.RCC_PCLK2Config), (24 bytes).
    Removing stm32f10x_rcc.o(i.RCC_PLLCmd), (12 bytes).
    Removing stm32f10x_rcc.o(i.RCC_PLLConfig), (28 bytes).
    Removing stm32f10x_rcc.o(i.RCC_RTCCLKCmd), (12 bytes).
    Removing stm32f10x_rcc.o(i.RCC_RTCCLKConfig), (16 bytes).
    Removing stm32f10x_rcc.o(i.RCC_SYSCLKConfig), (24 bytes).
    Removing stm32f10x_rcc.o(i.RCC_USBCLKConfig), (12 bytes).
    Removing stm32f10x_rcc.o(i.RCC_WaitForHSEStartUp), (56 bytes).
    Removing stm32f10x_gpio.o(i.GPIO_AFIODeInit), (20 bytes).
    Removing stm32f10x_gpio.o(i.GPIO_DeInit), (200 bytes).
    Removing stm32f10x_gpio.o(i.GPIO_ETH_MediaInterfaceConfig), (12 bytes).
    Removing stm32f10x_gpio.o(i.GPIO_EXTILineConfig), (64 bytes).
    Removing stm32f10x_gpio.o(i.GPIO_EventOutputCmd), (12 bytes).
    Removing stm32f10x_gpio.o(i.GPIO_EventOutputConfig), (32 bytes).
    Removing stm32f10x_gpio.o(i.GPIO_PinLockConfig), (18 bytes).
    Removing stm32f10x_gpio.o(i.GPIO_PinRemapConfig), (144 bytes).
    Removing stm32f10x_gpio.o(i.GPIO_ReadInputData), (8 bytes).
    Removing stm32f10x_gpio.o(i.GPIO_ReadOutputData), (8 bytes).
    Removing stm32f10x_gpio.o(i.GPIO_ReadOutputDataBit), (18 bytes).
    Removing stm32f10x_gpio.o(i.GPIO_StructInit), (16 bytes).
    Removing stm32f10x_gpio.o(i.GPIO_Write), (4 bytes).
    Removing stm32f10x_gpio.o(i.GPIO_WriteBit), (10 bytes).
    Removing misc.o(i.NVIC_SetVectorTable), (20 bytes).
    Removing misc.o(i.NVIC_SystemLPConfig), (32 bytes).
    Removing misc.o(i.SysTick_CLKSourceConfig), (40 bytes).
    Removing stm32f10x_spi.o(i.I2S_Cmd), (24 bytes).
    Removing stm32f10x_spi.o(i.I2S_Init), (232 bytes).
    Removing stm32f10x_spi.o(i.I2S_StructInit), (20 bytes).
    Removing stm32f10x_spi.o(i.SPI_BiDirectionalLineConfig), (28 bytes).
    Removing stm32f10x_spi.o(i.SPI_CalculateCRC), (24 bytes).
    Removing stm32f10x_spi.o(i.SPI_DataSizeConfig), (18 bytes).
    Removing stm32f10x_spi.o(i.SPI_GetCRC), (16 bytes).
    Removing stm32f10x_spi.o(i.SPI_GetCRCPolynomial), (6 bytes).
    Removing stm32f10x_spi.o(i.SPI_I2S_ClearFlag), (6 bytes).
    Removing stm32f10x_spi.o(i.SPI_I2S_ClearITPendingBit), (20 bytes).
    Removing stm32f10x_spi.o(i.SPI_I2S_DMACmd), (18 bytes).
    Removing stm32f10x_spi.o(i.SPI_I2S_DeInit), (88 bytes).
    Removing stm32f10x_spi.o(i.SPI_I2S_GetITStatus), (52 bytes).
    Removing stm32f10x_spi.o(i.SPI_I2S_ITConfig), (32 bytes).
    Removing stm32f10x_spi.o(i.SPI_NSSInternalSoftwareConfig), (30 bytes).
    Removing stm32f10x_spi.o(i.SPI_SSOutputCmd), (24 bytes).
    Removing stm32f10x_spi.o(i.SPI_StructInit), (24 bytes).
    Removing stm32f10x_spi.o(i.SPI_TransmitCRC), (10 bytes).
    Removing stm32f10x_usart.o(i.USART_ClearFlag), (18 bytes).
    Removing stm32f10x_usart.o(i.USART_ClearITPendingBit), (30 bytes).
    Removing stm32f10x_usart.o(i.USART_ClockInit), (34 bytes).
    Removing stm32f10x_usart.o(i.USART_ClockStructInit), (12 bytes).
    Removing stm32f10x_usart.o(i.USART_DeInit), (156 bytes).
    Removing stm32f10x_usart.o(i.USART_GetITStatus), (84 bytes).
    Removing stm32f10x_usart.o(i.USART_HalfDuplexCmd), (24 bytes).
    Removing stm32f10x_usart.o(i.USART_ITConfig), (74 bytes).
    Removing stm32f10x_usart.o(i.USART_IrDACmd), (24 bytes).
    Removing stm32f10x_usart.o(i.USART_IrDAConfig), (18 bytes).
    Removing stm32f10x_usart.o(i.USART_LINBreakDetectLengthConfig), (18 bytes).
    Removing stm32f10x_usart.o(i.USART_LINCmd), (24 bytes).
    Removing stm32f10x_usart.o(i.USART_OneBitMethodCmd), (24 bytes).
    Removing stm32f10x_usart.o(i.USART_OverSampling8Cmd), (22 bytes).
    Removing stm32f10x_usart.o(i.USART_ReceiveData), (10 bytes).
    Removing stm32f10x_usart.o(i.USART_ReceiverWakeUpCmd), (24 bytes).
    Removing stm32f10x_usart.o(i.USART_SendBreak), (10 bytes).
    Removing stm32f10x_usart.o(i.USART_SetAddress), (18 bytes).
    Removing stm32f10x_usart.o(i.USART_SetGuardTime), (16 bytes).
    Removing stm32f10x_usart.o(i.USART_SetPrescaler), (16 bytes).
    Removing stm32f10x_usart.o(i.USART_SmartCardCmd), (24 bytes).
    Removing stm32f10x_usart.o(i.USART_SmartCardNACKCmd), (24 bytes).
    Removing stm32f10x_usart.o(i.USART_StructInit), (24 bytes).
    Removing stm32f10x_usart.o(i.USART_WakeUpConfig), (18 bytes).
    Removing stm32f10x_dma.o(i.DMA_ClearITPendingBit), (28 bytes).
    Removing stm32f10x_dma.o(i.DMA_DeInit), (332 bytes).
    Removing stm32f10x_dma.o(i.DMA_GetCurrDataCounter), (8 bytes).
    Removing stm32f10x_dma.o(i.DMA_GetITStatus), (44 bytes).
    Removing stm32f10x_dma.o(i.DMA_SetCurrDataCounter), (4 bytes).
    Removing stm32f10x_dma.o(i.DMA_StructInit), (26 bytes).
    Removing port.o(i.vPortEndScheduler), (2 bytes).
    Removing heap_4.o(i.pvPortCalloc), (54 bytes).
    Removing heap_4.o(i.vPortGetHeapStats), (128 bytes).
    Removing heap_4.o(i.vPortInitialiseBlocks), (2 bytes).
    Removing heap_4.o(i.xPortGetFreeHeapSize), (12 bytes).
    Removing heap_4.o(i.xPortGetMinimumEverFreeHeapSize), (12 bytes).
    Removing dadd.o(.text), (334 bytes).
    Removing dmul.o(.text), (228 bytes).
    Removing ddiv.o(.text), (222 bytes).
    Removing dfixul.o(.text), (48 bytes).
    Removing cdrcmple.o(.text), (48 bytes).
    Removing depilogue.o(.text), (186 bytes).

200 unused section(s) (total 67679 bytes) removed from the image.

==============================================================================

Image Symbol Table

    Local Symbols

    Symbol Name                              Value     Ov Type        Size  Object(Section)

    ../clib/microlib/division.c              0x00000000   Number         0  uidiv.o ABSOLUTE
    ../clib/microlib/division.c              0x00000000   Number         0  uldiv.o ABSOLUTE
    ../clib/microlib/init/entry.s            0x00000000   Number         0  entry2.o ABSOLUTE
    ../clib/microlib/init/entry.s            0x00000000   Number         0  entry7b.o ABSOLUTE
    ../clib/microlib/init/entry.s            0x00000000   Number         0  entry5.o ABSOLUTE
    ../clib/microlib/init/entry.s            0x00000000   Number         0  entry7a.o ABSOLUTE
    ../clib/microlib/init/entry.s            0x00000000   Number         0  entry9a.o ABSOLUTE
    ../clib/microlib/init/entry.s            0x00000000   Number         0  entry12a.o ABSOLUTE
    ../clib/microlib/init/entry.s            0x00000000   Number         0  entry11b.o ABSOLUTE
    ../clib/microlib/init/entry.s            0x00000000   Number         0  entry11a.o ABSOLUTE
    ../clib/microlib/init/entry.s            0x00000000   Number         0  entry10b.o ABSOLUTE
    ../clib/microlib/init/entry.s            0x00000000   Number         0  entry10a.o ABSOLUTE
    ../clib/microlib/init/entry.s            0x00000000   Number         0  entry9b.o ABSOLUTE
    ../clib/microlib/init/entry.s            0x00000000   Number         0  entry12b.o ABSOLUTE
    ../clib/microlib/init/entry.s            0x00000000   Number         0  entry8b.o ABSOLUTE
    ../clib/microlib/init/entry.s            0x00000000   Number         0  entry8a.o ABSOLUTE
    ../clib/microlib/init/entry.s            0x00000000   Number         0  entry.o ABSOLUTE
    ../clib/microlib/longlong.c              0x00000000   Number         0  llsshr.o ABSOLUTE
    ../clib/microlib/longlong.c              0x00000000   Number         0  llushr.o ABSOLUTE
    ../clib/microlib/longlong.c              0x00000000   Number         0  llshl.o ABSOLUTE
    ../clib/microlib/printf/printf.c         0x00000000   Number         0  printf6.o ABSOLUTE
    ../clib/microlib/printf/printf.c         0x00000000   Number         0  printf7.o ABSOLUTE
    ../clib/microlib/printf/printf.c         0x00000000   Number         0  printfa.o ABSOLUTE
    ../clib/microlib/printf/printf.c         0x00000000   Number         0  printf5.o ABSOLUTE
    ../clib/microlib/printf/printf.c         0x00000000   Number         0  printfb.o ABSOLUTE
    ../clib/microlib/printf/printf.c         0x00000000   Number         0  printf4.o ABSOLUTE
    ../clib/microlib/printf/printf.c         0x00000000   Number         0  printf8.o ABSOLUTE
    ../clib/microlib/printf/printf.c         0x00000000   Number         0  printf1.o ABSOLUTE
    ../clib/microlib/printf/printf.c         0x00000000   Number         0  printf0.o ABSOLUTE
    ../clib/microlib/printf/printf.c         0x00000000   Number         0  printf3.o ABSOLUTE
    ../clib/microlib/printf/printf.c         0x00000000   Number         0  printf2.o ABSOLUTE
    ../clib/microlib/printf/stubs.s          0x00000000   Number         0  stubs.o ABSOLUTE
    ../clib/microlib/stdio/streams.c         0x00000000   Number         0  stdout.o ABSOLUTE
    ../clib/microlib/string/memcpy.c         0x00000000   Number         0  memcpya.o ABSOLUTE
    ../clib/microlib/string/memcpy.c         0x00000000   Number         0  memcpyb.o ABSOLUTE
    ../clib/microlib/string/memset.c         0x00000000   Number         0  memseta.o ABSOLUTE
    ../clib/microlib/stubs.s                 0x00000000   Number         0  iusefp.o ABSOLUTE
    ../fplib/microlib/fpadd.c                0x00000000   Number         0  dadd.o ABSOLUTE
    ../fplib/microlib/fpadd.c                0x00000000   Number         0  fadd.o ABSOLUTE
    ../fplib/microlib/fpdiv.c                0x00000000   Number         0  ddiv.o ABSOLUTE
    ../fplib/microlib/fpdiv.c                0x00000000   Number         0  fdiv.o ABSOLUTE
    ../fplib/microlib/fpepilogue.c           0x00000000   Number         0  fepilogue.o ABSOLUTE
    ../fplib/microlib/fpepilogue.c           0x00000000   Number         0  depilogue.o ABSOLUTE
    ../fplib/microlib/fpfix.c                0x00000000   Number         0  ffixui.o ABSOLUTE
    ../fplib/microlib/fpfix.c                0x00000000   Number         0  dfixul.o ABSOLUTE
    ../fplib/microlib/fpmul.c                0x00000000   Number         0  dmul.o ABSOLUTE
    ..\CMSIS\core_cm3.c                      0x00000000   Number         0  core_cm3.o ABSOLUTE
    ..\CMSIS\system_stm32f10x.c              0x00000000   Number         0  system_stm32f10x.o ABSOLUTE
    ..\STARTUP\startup_stm32f10x_hd.s        0x00000000   Number         0  startup_stm32f10x_hd.o ABSOLUTE
    ..\STM32F10x_StdPeriph_Driver\src\misc.c 0x00000000   Number         0  misc.o ABSOLUTE
    ..\STM32F10x_StdPeriph_Driver\src\stm32f10x_dma.c 0x00000000   Number         0  stm32f10x_dma.o ABSOLUTE
    ..\STM32F10x_StdPeriph_Driver\src\stm32f10x_gpio.c 0x00000000   Number         0  stm32f10x_gpio.o ABSOLUTE
    ..\STM32F10x_StdPeriph_Driver\src\stm32f10x_rcc.c 0x00000000   Number         0  stm32f10x_rcc.o ABSOLUTE
    ..\STM32F10x_StdPeriph_Driver\src\stm32f10x_spi.c 0x00000000   Number         0  stm32f10x_spi.o ABSOLUTE
    ..\STM32F10x_StdPeriph_Driver\src\stm32f10x_usart.c 0x00000000   Number         0  stm32f10x_usart.o ABSOLUTE
    ..\\CMSIS\\core_cm3.c                    0x00000000   Number         0  core_cm3.o ABSOLUTE
    ..\\freertos\\port\\RVDS\\port.c         0x00000000   Number         0  port.o ABSOLUTE
    ..\freertos\port\MemMang\heap_4.c        0x00000000   Number         0  heap_4.o ABSOLUTE
    ..\freertos\port\RVDS\port.c             0x00000000   Number         0  port.o ABSOLUTE
    ..\freertos\src\croutine.c               0x00000000   Number         0  croutine.o ABSOLUTE
    ..\freertos\src\event_groups.c           0x00000000   Number         0  event_groups.o ABSOLUTE
    ..\freertos\src\list.c                   0x00000000   Number         0  list.o ABSOLUTE
    ..\freertos\src\queue.c                  0x00000000   Number         0  queue.o ABSOLUTE
    ..\freertos\src\stream_buffer.c          0x00000000   Number         0  stream_buffer.o ABSOLUTE
    ..\freertos\src\tasks.c                  0x00000000   Number         0  tasks.o ABSOLUTE
    ..\freertos\src\timers.c                 0x00000000   Number         0  timers.o ABSOLUTE
    ..\user\bsp_dma.c                        0x00000000   Number         0  bsp_dma.o ABSOLUTE
    ..\user\bsp_gpio.c                       0x00000000   Number         0  bsp_gpio.o ABSOLUTE
    ..\user\bsp_system_init.c                0x00000000   Number         0  bsp_system_init.o ABSOLUTE
    ..\user\bsp_uart.c                       0x00000000   Number         0  bsp_uart.o ABSOLUTE
    ..\user\main.c                           0x00000000   Number         0  main.o ABSOLUTE
    ..\user\main_freertos.c                  0x00000000   Number         0  main_freertos.o ABSOLUTE
    ..\user\mp3.c                            0x00000000   Number         0  mp3.o ABSOLUTE
    ..\user\stm32f10x_it.c                   0x00000000   Number         0  stm32f10x_it.o ABSOLUTE
    ..\user\vs1053.c                         0x00000000   Number         0  vs1053.o ABSOLUTE
    cdrcmple.s                               0x00000000   Number         0  cdrcmple.o ABSOLUTE
    dc.s                                     0x00000000   Number         0  dc.o ABSOLUTE
    handlers.s                               0x00000000   Number         0  handlers.o ABSOLUTE
    init.s                                   0x00000000   Number         0  init.o ABSOLUTE
    RESET                                    0x08000000   Section      304  startup_stm32f10x_hd.o(RESET)
    .ARM.Collect$$$$00000000                 0x08000130   Section        0  entry.o(.ARM.Collect$$$$00000000)
    .ARM.Collect$$$$00000001                 0x08000130   Section        4  entry2.o(.ARM.Collect$$$$00000001)
    .ARM.Collect$$$$00000004                 0x08000134   Section        4  entry5.o(.ARM.Collect$$$$00000004)
    .ARM.Collect$$$$00000008                 0x08000138   Section        0  entry7b.o(.ARM.Collect$$$$00000008)
    .ARM.Collect$$$$0000000A                 0x08000138   Section        0  entry8b.o(.ARM.Collect$$$$0000000A)
    .ARM.Collect$$$$0000000B                 0x08000138   Section        8  entry9a.o(.ARM.Collect$$$$0000000B)
    .ARM.Collect$$$$0000000E                 0x08000140   Section        4  entry12b.o(.ARM.Collect$$$$0000000E)
    .ARM.Collect$$$$0000000F                 0x08000144   Section        0  entry10a.o(.ARM.Collect$$$$0000000F)
    .ARM.Collect$$$$00000011                 0x08000144   Section        0  entry11a.o(.ARM.Collect$$$$00000011)
    .ARM.Collect$$$$00002712                 0x08000144   Section        4  entry2.o(.ARM.Collect$$$$00002712)
    __lit__00000000                          0x08000144   Data           4  entry2.o(.ARM.Collect$$$$00002712)
    .emb_text                                0x08000148   Section      150  port.o(.emb_text)
    .text                                    0x080001e0   Section       36  startup_stm32f10x_hd.o(.text)
    .text                                    0x08000204   Section        0  memseta.o(.text)
    .text                                    0x08000228   Section        0  fadd.o(.text)
    .text                                    0x080002d8   Section        0  fdiv.o(.text)
    .text                                    0x08000354   Section        0  ffixui.o(.text)
    .text                                    0x0800037c   Section        0  uldiv.o(.text)
    .text                                    0x080003de   Section        0  fepilogue.o(.text)
    .text                                    0x080003de   Section        0  iusefp.o(.text)
    .text                                    0x0800044c   Section       36  init.o(.text)
    .text                                    0x08000470   Section        0  llshl.o(.text)
    .text                                    0x0800048e   Section        0  llushr.o(.text)
    i.AppTaskCreate                          0x080004b0   Section        0  main_freertos.o(i.AppTaskCreate)
    i.Board_init                             0x08000584   Section        0  main_freertos.o(i.Board_init)
    i.BusFault_Handler                       0x080005a4   Section        0  stm32f10x_it.o(i.BusFault_Handler)
    i.DMA1_Channel5_IRQHandler               0x080005a8   Section        0  stm32f10x_it.o(i.DMA1_Channel5_IRQHandler)
    i.DMA_ClearFlag                          0x080005e4   Section        0  stm32f10x_dma.o(i.DMA_ClearFlag)
    i.DMA_Cmd                                0x08000600   Section        0  stm32f10x_dma.o(i.DMA_Cmd)
    i.DMA_GetFlagStatus                      0x08000618   Section        0  stm32f10x_dma.o(i.DMA_GetFlagStatus)
    i.DMA_ITConfig                           0x08000644   Section        0  stm32f10x_dma.o(i.DMA_ITConfig)
    i.DMA_Init                               0x08000656   Section        0  stm32f10x_dma.o(i.DMA_Init)
    i.DebugMon_Handler                       0x08000692   Section        0  stm32f10x_it.o(i.DebugMon_Handler)
    i.GPIO_Init                              0x08000694   Section        0  stm32f10x_gpio.o(i.GPIO_Init)
    i.GPIO_ReadInputDataBit                  0x080007aa   Section        0  stm32f10x_gpio.o(i.GPIO_ReadInputDataBit)
    i.GPIO_ResetBits                         0x080007bc   Section        0  stm32f10x_gpio.o(i.GPIO_ResetBits)
    i.GPIO_SetBits                           0x080007c0   Section        0  stm32f10x_gpio.o(i.GPIO_SetBits)
    i.HardFault_Handler                      0x080007c4   Section        0  stm32f10x_it.o(i.HardFault_Handler)
    i.LED_Task                               0x080007c8   Section        0  main_freertos.o(i.LED_Task)
    i.MP3_Play_Task                          0x08000804   Section        0  main_freertos.o(i.MP3_Play_Task)
    i.MemManage_Handler                      0x08000938   Section        0  stm32f10x_it.o(i.MemManage_Handler)
    i.NMI_Handler                            0x0800093c   Section        0  stm32f10x_it.o(i.NMI_Handler)
    i.NVIC_Init                              0x08000940   Section        0  misc.o(i.NVIC_Init)
    i.NVIC_PriorityGroupConfig               0x080009b0   Section        0  misc.o(i.NVIC_PriorityGroupConfig)
    i.RCC_AHBPeriphClockCmd                  0x080009c4   Section        0  stm32f10x_rcc.o(i.RCC_AHBPeriphClockCmd)
    i.RCC_APB1PeriphClockCmd                 0x080009e4   Section        0  stm32f10x_rcc.o(i.RCC_APB1PeriphClockCmd)
    i.RCC_APB2PeriphClockCmd                 0x08000a04   Section        0  stm32f10x_rcc.o(i.RCC_APB2PeriphClockCmd)
    i.RCC_GetClocksFreq                      0x08000a24   Section        0  stm32f10x_rcc.o(i.RCC_GetClocksFreq)
    i.SPI_Cmd                                0x08000af8   Section        0  stm32f10x_spi.o(i.SPI_Cmd)
    i.SPI_I2S_GetFlagStatus                  0x08000b10   Section        0  stm32f10x_spi.o(i.SPI_I2S_GetFlagStatus)
    i.SPI_I2S_ReceiveData                    0x08000b22   Section        0  stm32f10x_spi.o(i.SPI_I2S_ReceiveData)
    i.SPI_I2S_SendData                       0x08000b28   Section        0  stm32f10x_spi.o(i.SPI_I2S_SendData)
    i.SPI_Init                               0x08000b2c   Section        0  stm32f10x_spi.o(i.SPI_Init)
    i.SPI_TIMEOUT_UserCallback               0x08000b68   Section        0  vs1053.o(i.SPI_TIMEOUT_UserCallback)
    SPI_TIMEOUT_UserCallback                 0x08000b69   Thumb Code    16  vs1053.o(i.SPI_TIMEOUT_UserCallback)
    i.SetSysClock                            0x08000b94   Section        0  system_stm32f10x.o(i.SetSysClock)
    SetSysClock                              0x08000b95   Thumb Code     8  system_stm32f10x.o(i.SetSysClock)
    i.SetSysClockTo72                        0x08000b9c   Section        0  system_stm32f10x.o(i.SetSysClockTo72)
    SetSysClockTo72                          0x08000b9d   Thumb Code   214  system_stm32f10x.o(i.SetSysClockTo72)
    i.SysTick_Handler                        0x08000c7c   Section        0  stm32f10x_it.o(i.SysTick_Handler)
    i.SystemInit                             0x08000c84   Section        0  system_stm32f10x.o(i.SystemInit)
    i.USART1_IRQHandler                      0x08000ce4   Section        0  stm32f10x_it.o(i.USART1_IRQHandler)
    i.USART_Cmd                              0x08000ce6   Section        0  stm32f10x_usart.o(i.USART_Cmd)
    i.USART_DMACmd                           0x08000cfe   Section        0  stm32f10x_usart.o(i.USART_DMACmd)
    i.USART_GetFlagStatus                    0x08000d10   Section        0  stm32f10x_usart.o(i.USART_GetFlagStatus)
    i.USART_Init                             0x08000d2c   Section        0  stm32f10x_usart.o(i.USART_Init)
    i.USART_SendData                         0x08000e04   Section        0  stm32f10x_usart.o(i.USART_SendData)
    i.UsageFault_Handler                     0x08000e0c   Section        0  stm32f10x_it.o(i.UsageFault_Handler)
    i.__0printf$8                            0x08000e10   Section        0  printf8.o(i.__0printf$8)
    i.__scatterload_copy                     0x08000e30   Section       14  handlers.o(i.__scatterload_copy)
    i.__scatterload_null                     0x08000e3e   Section        2  handlers.o(i.__scatterload_null)
    i.__scatterload_zeroinit                 0x08000e40   Section       14  handlers.o(i.__scatterload_zeroinit)
    i._printf_core                           0x08000e50   Section        0  printf8.o(i._printf_core)
    _printf_core                             0x08000e51   Thumb Code   984  printf8.o(i._printf_core)
    i._printf_post_padding                   0x08001254   Section        0  printf8.o(i._printf_post_padding)
    _printf_post_padding                     0x08001255   Thumb Code    36  printf8.o(i._printf_post_padding)
    i._printf_pre_padding                    0x08001278   Section        0  printf8.o(i._printf_pre_padding)
    _printf_pre_padding                      0x08001279   Thumb Code    46  printf8.o(i._printf_pre_padding)
    i.end_fill_byte_send                     0x080012a8   Section        0  vs1053.o(i.end_fill_byte_send)
    i.fputc                                  0x08001370   Section        0  bsp_uart.o(i.fputc)
    i.gpio_init                              0x08001394   Section        0  bsp_gpio.o(i.gpio_init)
    i.main                                   0x080013cc   Section        0  main_freertos.o(i.main)
    i.prvAddCurrentTaskToDelayedList         0x08001414   Section        0  tasks.o(i.prvAddCurrentTaskToDelayedList)
    prvAddCurrentTaskToDelayedList           0x08001415   Thumb Code   164  tasks.o(i.prvAddCurrentTaskToDelayedList)
    i.prvAddNewTaskToReadyList               0x080014d4   Section        0  tasks.o(i.prvAddNewTaskToReadyList)
    prvAddNewTaskToReadyList                 0x080014d5   Thumb Code   200  tasks.o(i.prvAddNewTaskToReadyList)
    i.prvCheckTasksWaitingTermination        0x080015b8   Section        0  tasks.o(i.prvCheckTasksWaitingTermination)
    prvCheckTasksWaitingTermination          0x080015b9   Thumb Code    60  tasks.o(i.prvCheckTasksWaitingTermination)
    i.prvDeleteTCB                           0x08001600   Section        0  tasks.o(i.prvDeleteTCB)
    prvDeleteTCB                             0x08001601   Thumb Code    18  tasks.o(i.prvDeleteTCB)
    i.prvHeapInit                            0x08001614   Section        0  heap_4.o(i.prvHeapInit)
    prvHeapInit                              0x08001615   Thumb Code    90  heap_4.o(i.prvHeapInit)
    i.prvIdleTask                            0x08001684   Section        0  tasks.o(i.prvIdleTask)
    prvIdleTask                              0x08001685   Thumb Code    32  tasks.o(i.prvIdleTask)
    i.prvInitialiseNewQueue                  0x080016ac   Section        0  queue.o(i.prvInitialiseNewQueue)
    prvInitialiseNewQueue                    0x080016ad   Thumb Code    38  queue.o(i.prvInitialiseNewQueue)
    i.prvInitialiseNewTask                   0x080016d2   Section        0  tasks.o(i.prvInitialiseNewTask)
    prvInitialiseNewTask                     0x080016d3   Thumb Code   122  tasks.o(i.prvInitialiseNewTask)
    i.prvInitialiseTaskLists                 0x0800174c   Section        0  tasks.o(i.prvInitialiseTaskLists)
    prvInitialiseTaskLists                   0x0800174d   Thumb Code    70  tasks.o(i.prvInitialiseTaskLists)
    i.prvInsertBlockIntoFreeList             0x080017b4   Section        0  heap_4.o(i.prvInsertBlockIntoFreeList)
    prvInsertBlockIntoFreeList               0x080017b5   Thumb Code    96  heap_4.o(i.prvInsertBlockIntoFreeList)
    i.prvResetNextTaskUnblockTime            0x0800181c   Section        0  tasks.o(i.prvResetNextTaskUnblockTime)
    prvResetNextTaskUnblockTime              0x0800181d   Thumb Code    40  tasks.o(i.prvResetNextTaskUnblockTime)
    i.prvTaskExitError                       0x0800184c   Section        0  port.o(i.prvTaskExitError)
    prvTaskExitError                         0x0800184d   Thumb Code    22  port.o(i.prvTaskExitError)
    i.pvPortMalloc                           0x08001864   Section        0  heap_4.o(i.pvPortMalloc)
    i.pxPortInitialiseStack                  0x08001948   Section        0  port.o(i.pxPortInitialiseStack)
    i.spi2_init                              0x0800196c   Section        0  vs1053.o(i.spi2_init)
    i.uart1_DMA1_init                        0x080019e8   Section        0  bsp_dma.o(i.uart1_DMA1_init)
    i.uart1_DMA1_renew                       0x08001a6c   Section        0  bsp_dma.o(i.uart1_DMA1_renew)
    i.uart1_init                             0x08001a88   Section        0  bsp_uart.o(i.uart1_init)
    i.uxListRemove                           0x08001b0c   Section        0  list.o(i.uxListRemove)
    i.vListInitialise                        0x08001b34   Section        0  list.o(i.vListInitialise)
    i.vListInitialiseItem                    0x08001b4e   Section        0  list.o(i.vListInitialiseItem)
    i.vListInsert                            0x08001b54   Section        0  list.o(i.vListInsert)
    i.vListInsertEnd                         0x08001b88   Section        0  list.o(i.vListInsertEnd)
    i.vPortEnterCritical                     0x08001ba0   Section        0  port.o(i.vPortEnterCritical)
    i.vPortExitCritical                      0x08001bc4   Section        0  port.o(i.vPortExitCritical)
    i.vPortFree                              0x08001be4   Section        0  heap_4.o(i.vPortFree)
    i.vPortSetupTimerInterrupt               0x08001c30   Section        0  port.o(i.vPortSetupTimerInterrupt)
    i.vTaskDelay                             0x08001c58   Section        0  tasks.o(i.vTaskDelay)
    i.vTaskDelete                            0x08001c8c   Section        0  tasks.o(i.vTaskDelete)
    i.vTaskStartScheduler                    0x08001d60   Section        0  tasks.o(i.vTaskStartScheduler)
    i.vTaskSuspendAll                        0x08001dcc   Section        0  tasks.o(i.vTaskSuspendAll)
    i.vTaskSwitchContext                     0x08001ddc   Section        0  tasks.o(i.vTaskSwitchContext)
    i.vs1053_hardware_reset                  0x08001e3c   Section        0  vs1053.o(i.vs1053_hardware_reset)
    i.vs1053_init                            0x08001ea0   Section        0  vs1053.o(i.vs1053_init)
    i.vs1053_read_reg                        0x08001f70   Section        0  vs1053.o(i.vs1053_read_reg)
    i.vs1053_send_music_data                 0x08002190   Section        0  vs1053.o(i.vs1053_send_music_data)
    i.vs1053_soft_reset                      0x08002254   Section        0  vs1053.o(i.vs1053_soft_reset)
    i.vs1053_write_cmd                       0x080023a4   Section        0  vs1053.o(i.vs1053_write_cmd)
    i.vs1053b_clock_frequency_convert_to_register 0x080025d4   Section        0  vs1053.o(i.vs1053b_clock_frequency_convert_to_register)
    i.vs1053b_dat_write                      0x08002600   Section        0  vs1053.o(i.vs1053b_dat_write)
    i.vs1053b_set_clock_frequency            0x080026b8   Section        0  vs1053.o(i.vs1053b_set_clock_frequency)
    i.vs1053b_stop                           0x080026fc   Section        0  vs1053.o(i.vs1053b_stop)
    i.xPortStartScheduler                    0x080027b0   Section        0  port.o(i.xPortStartScheduler)
    i.xPortSysTickHandler                    0x080027e4   Section        0  port.o(i.xPortSysTickHandler)
    i.xQueueGenericCreate                    0x08002818   Section        0  queue.o(i.xQueueGenericCreate)
    i.xQueueGenericReset                     0x08002864   Section        0  queue.o(i.xQueueGenericReset)
    i.xTaskCreate                            0x08002904   Section        0  tasks.o(i.xTaskCreate)
    i.xTaskIncrementTick                     0x0800296c   Section        0  tasks.o(i.xTaskIncrementTick)
    i.xTaskRemoveFromEventList               0x08002afc   Section        0  tasks.o(i.xTaskRemoveFromEventList)
    i.xTaskResumeAll                         0x08002c04   Section        0  tasks.o(i.xTaskResumeAll)
    .data                                    0x20000000   Section       36  main_freertos.o(.data)
    .data                                    0x20000024   Section        4  vs1053.o(.data)
    SPITimeout                               0x20000024   Data           4  vs1053.o(.data)
    .data                                    0x20000028   Section       64  tasks.o(.data)
    pxDelayedTaskList                        0x2000002c   Data           4  tasks.o(.data)
    pxOverflowDelayedTaskList                0x20000030   Data           4  tasks.o(.data)
    uxDeletedTasksWaitingCleanUp             0x20000034   Data           4  tasks.o(.data)
    uxCurrentNumberOfTasks                   0x20000038   Data           4  tasks.o(.data)
    xTickCount                               0x2000003c   Data           4  tasks.o(.data)
    uxTopReadyPriority                       0x20000040   Data           4  tasks.o(.data)
    xSchedulerRunning                        0x20000044   Data           4  tasks.o(.data)
    xPendedTicks                             0x20000048   Data           4  tasks.o(.data)
    xYieldPending                            0x2000004c   Data           4  tasks.o(.data)
    xNumOfOverflows                          0x20000050   Data           4  tasks.o(.data)
    uxTaskNumber                             0x20000054   Data           4  tasks.o(.data)
    xNextTaskUnblockTime                     0x20000058   Data           4  tasks.o(.data)
    xIdleTaskHandle                          0x2000005c   Data           4  tasks.o(.data)
    uxSchedulerSuspended                     0x20000064   Data           4  tasks.o(.data)
    .data                                    0x20000068   Section       20  system_stm32f10x.o(.data)
    .data                                    0x2000007c   Section       20  stm32f10x_rcc.o(.data)
    APBAHBPrescTable                         0x2000007c   Data          16  stm32f10x_rcc.o(.data)
    ADCPrescTable                            0x2000008c   Data           4  stm32f10x_rcc.o(.data)
    .data                                    0x20000090   Section        4  port.o(.data)
    uxCriticalNesting                        0x20000090   Data           4  port.o(.data)
    .data                                    0x20000094   Section       28  heap_4.o(.data)
    xStart                                   0x20000094   Data           8  heap_4.o(.data)
    pxEnd                                    0x2000009c   Data           4  heap_4.o(.data)
    xFreeBytesRemaining                      0x200000a0   Data           4  heap_4.o(.data)
    xMinimumEverFreeBytesRemaining           0x200000a4   Data           4  heap_4.o(.data)
    xNumberOfSuccessfulAllocations           0x200000a8   Data           4  heap_4.o(.data)
    xNumberOfSuccessfulFrees                 0x200000ac   Data           4  heap_4.o(.data)
    .data                                    0x200000b0   Section        4  stdout.o(.data)
    .bss                                     0x200000b4   Section    54303  mp3.o(.bss)
    .bss                                     0x2000d4d4   Section      740  tasks.o(.bss)
    pxReadyTasksLists                        0x2000d4d4   Data         640  tasks.o(.bss)
    xDelayedTaskList1                        0x2000d754   Data          20  tasks.o(.bss)
    xDelayedTaskList2                        0x2000d768   Data          20  tasks.o(.bss)
    xPendingReadyList                        0x2000d77c   Data          20  tasks.o(.bss)
    xTasksWaitingTermination                 0x2000d790   Data          20  tasks.o(.bss)
    xSuspendedTaskList                       0x2000d7a4   Data          20  tasks.o(.bss)
    .bss                                     0x2000d7b8   Section     6144  heap_4.o(.bss)
    ucHeap                                   0x2000d7b8   Data        6144  heap_4.o(.bss)
    STACK                                    0x2000efb8   Section     4096  startup_stm32f10x_hd.o(STACK)

    Global Symbols

    Symbol Name                              Value     Ov Type        Size  Object(Section)

    BuildAttributes$$THM_ISAv4$P$D$K$B$S$PE$A:L22UL41UL21$X:L11$S22US41US21$IEEE1$IW$USESV6$~STKCKD$USESV7$~SHL$OTIME$ROPI$EBA8$MICROLIB$REQ8$PRES8$EABIv2 0x00000000   Number         0  anon$$obj.o ABSOLUTE
    __ARM_use_no_argv                        0x00000000   Number         0  main_freertos.o ABSOLUTE
    _printf_a                                0x00000000   Number         0  stubs.o ABSOLUTE
    _printf_c                                0x00000000   Number         0  stubs.o ABSOLUTE
    _printf_charcount                        0x00000000   Number         0  stubs.o ABSOLUTE
    _printf_d                                0x00000000   Number         0  stubs.o ABSOLUTE
    _printf_e                                0x00000000   Number         0  stubs.o ABSOLUTE
    _printf_f                                0x00000000   Number         0  stubs.o ABSOLUTE
    _printf_flags                            0x00000000   Number         0  stubs.o ABSOLUTE
    _printf_fp_dec                           0x00000000   Number         0  stubs.o ABSOLUTE
    _printf_fp_hex                           0x00000000   Number         0  stubs.o ABSOLUTE
    _printf_g                                0x00000000   Number         0  stubs.o ABSOLUTE
    _printf_i                                0x00000000   Number         0  stubs.o ABSOLUTE
    _printf_int_dec                          0x00000000   Number         0  stubs.o ABSOLUTE
    _printf_l                                0x00000000   Number         0  stubs.o ABSOLUTE
    _printf_lc                               0x00000000   Number         0  stubs.o ABSOLUTE
    _printf_ll                               0x00000000   Number         0  stubs.o ABSOLUTE
    _printf_lld                              0x00000000   Number         0  stubs.o ABSOLUTE
    _printf_lli                              0x00000000   Number         0  stubs.o ABSOLUTE
    _printf_llo                              0x00000000   Number         0  stubs.o ABSOLUTE
    _printf_llu                              0x00000000   Number         0  stubs.o ABSOLUTE
    _printf_llx                              0x00000000   Number         0  stubs.o ABSOLUTE
    _printf_longlong_dec                     0x00000000   Number         0  stubs.o ABSOLUTE
    _printf_longlong_hex                     0x00000000   Number         0  stubs.o ABSOLUTE
    _printf_longlong_oct                     0x00000000   Number         0  stubs.o ABSOLUTE
    _printf_ls                               0x00000000   Number         0  stubs.o ABSOLUTE
    _printf_mbtowc                           0x00000000   Number         0  stubs.o ABSOLUTE
    _printf_n                                0x00000000   Number         0  stubs.o ABSOLUTE
    _printf_o                                0x00000000   Number         0  stubs.o ABSOLUTE
    _printf_p                                0x00000000   Number         0  stubs.o ABSOLUTE
    _printf_percent                          0x00000000   Number         0  stubs.o ABSOLUTE
    _printf_pre_padding                      0x00000000   Number         0  stubs.o ABSOLUTE
    _printf_return_value                     0x00000000   Number         0  stubs.o ABSOLUTE
    _printf_s                                0x00000000   Number         0  stubs.o ABSOLUTE
    _printf_sizespec                         0x00000000   Number         0  stubs.o ABSOLUTE
    _printf_str                              0x00000000   Number         0  stubs.o ABSOLUTE
    _printf_truncate_signed                  0x00000000   Number         0  stubs.o ABSOLUTE
    _printf_truncate_unsigned                0x00000000   Number         0  stubs.o ABSOLUTE
    _printf_u                                0x00000000   Number         0  stubs.o ABSOLUTE
    _printf_wc                               0x00000000   Number         0  stubs.o ABSOLUTE
    _printf_wctomb                           0x00000000   Number         0  stubs.o ABSOLUTE
    _printf_widthprec                        0x00000000   Number         0  stubs.o ABSOLUTE
    _printf_x                                0x00000000   Number         0  stubs.o ABSOLUTE
    __arm_fini_                               - Undefined Weak Reference
    __cpp_initialize__aeabi_                  - Undefined Weak Reference
    __cxa_finalize                            - Undefined Weak Reference
    __decompress                              - Undefined Weak Reference
    _clock_init                               - Undefined Weak Reference
    _microlib_exit                            - Undefined Weak Reference
    __Vectors_Size                           0x00000130   Number         0  startup_stm32f10x_hd.o ABSOLUTE
    __Vectors                                0x08000000   Data           4  startup_stm32f10x_hd.o(RESET)
    __Vectors_End                            0x08000130   Data           0  startup_stm32f10x_hd.o(RESET)
    __main                                   0x08000131   Thumb Code     0  entry.o(.ARM.Collect$$$$00000000)
    _main_stk                                0x08000131   Thumb Code     0  entry2.o(.ARM.Collect$$$$00000001)
    _main_scatterload                        0x08000135   Thumb Code     0  entry5.o(.ARM.Collect$$$$00000004)
    __main_after_scatterload                 0x08000139   Thumb Code     0  entry5.o(.ARM.Collect$$$$00000004)
    _main_clock                              0x08000139   Thumb Code     0  entry7b.o(.ARM.Collect$$$$00000008)
    _main_cpp_init                           0x08000139   Thumb Code     0  entry8b.o(.ARM.Collect$$$$0000000A)
    _main_init                               0x08000139   Thumb Code     0  entry9a.o(.ARM.Collect$$$$0000000B)
    __rt_lib_shutdown_fini                   0x08000141   Thumb Code     0  entry12b.o(.ARM.Collect$$$$0000000E)
    __rt_final_cpp                           0x08000145   Thumb Code     0  entry10a.o(.ARM.Collect$$$$0000000F)
    __rt_final_exit                          0x08000145   Thumb Code     0  entry11a.o(.ARM.Collect$$$$00000011)
    SVC_Handler                              0x08000149   Thumb Code    32  port.o(.emb_text)
    __asm___6_port_c_39a90d8d__prvStartFirstTask 0x0800016d   Thumb Code    28  port.o(.emb_text)
    PendSV_Handler                           0x0800018d   Thumb Code    72  port.o(.emb_text)
    vPortGetIPSR                             0x080001d9   Thumb Code     6  port.o(.emb_text)
    Reset_Handler                            0x080001e1   Thumb Code     8  startup_stm32f10x_hd.o(.text)
    ADC1_2_IRQHandler                        0x080001fb   Thumb Code     0  startup_stm32f10x_hd.o(.text)
    ADC3_IRQHandler                          0x080001fb   Thumb Code     0  startup_stm32f10x_hd.o(.text)
    CAN1_RX1_IRQHandler                      0x080001fb   Thumb Code     0  startup_stm32f10x_hd.o(.text)
    CAN1_SCE_IRQHandler                      0x080001fb   Thumb Code     0  startup_stm32f10x_hd.o(.text)
    DMA1_Channel1_IRQHandler                 0x080001fb   Thumb Code     0  startup_stm32f10x_hd.o(.text)
    DMA1_Channel2_IRQHandler                 0x080001fb   Thumb Code     0  startup_stm32f10x_hd.o(.text)
    DMA1_Channel3_IRQHandler                 0x080001fb   Thumb Code     0  startup_stm32f10x_hd.o(.text)
    DMA1_Channel4_IRQHandler                 0x080001fb   Thumb Code     0  startup_stm32f10x_hd.o(.text)
    DMA1_Channel6_IRQHandler                 0x080001fb   Thumb Code     0  startup_stm32f10x_hd.o(.text)
    DMA1_Channel7_IRQHandler                 0x080001fb   Thumb Code     0  startup_stm32f10x_hd.o(.text)
    DMA2_Channel1_IRQHandler                 0x080001fb   Thumb Code     0  startup_stm32f10x_hd.o(.text)
    DMA2_Channel2_IRQHandler                 0x080001fb   Thumb Code     0  startup_stm32f10x_hd.o(.text)
    DMA2_Channel3_IRQHandler                 0x080001fb   Thumb Code     0  startup_stm32f10x_hd.o(.text)
    DMA2_Channel4_5_IRQHandler               0x080001fb   Thumb Code     0  startup_stm32f10x_hd.o(.text)
    EXTI0_IRQHandler                         0x080001fb   Thumb Code     0  startup_stm32f10x_hd.o(.text)
    EXTI15_10_IRQHandler                     0x080001fb   Thumb Code     0  startup_stm32f10x_hd.o(.text)
    EXTI1_IRQHandler                         0x080001fb   Thumb Code     0  startup_stm32f10x_hd.o(.text)
    EXTI2_IRQHandler                         0x080001fb   Thumb Code     0  startup_stm32f10x_hd.o(.text)
    EXTI3_IRQHandler                         0x080001fb   Thumb Code     0  startup_stm32f10x_hd.o(.text)
    EXTI4_IRQHandler                         0x080001fb   Thumb Code     0  startup_stm32f10x_hd.o(.text)
    EXTI9_5_IRQHandler                       0x080001fb   Thumb Code     0  startup_stm32f10x_hd.o(.text)
    FLASH_IRQHandler                         0x080001fb   Thumb Code     0  startup_stm32f10x_hd.o(.text)
    FSMC_IRQHandler                          0x080001fb   Thumb Code     0  startup_stm32f10x_hd.o(.text)
    I2C1_ER_IRQHandler                       0x080001fb   Thumb Code     0  startup_stm32f10x_hd.o(.text)
    I2C1_EV_IRQHandler                       0x080001fb   Thumb Code     0  startup_stm32f10x_hd.o(.text)
    I2C2_ER_IRQHandler                       0x080001fb   Thumb Code     0  startup_stm32f10x_hd.o(.text)
    I2C2_EV_IRQHandler                       0x080001fb   Thumb Code     0  startup_stm32f10x_hd.o(.text)
    PVD_IRQHandler                           0x080001fb   Thumb Code     0  startup_stm32f10x_hd.o(.text)
    RCC_IRQHandler                           0x080001fb   Thumb Code     0  startup_stm32f10x_hd.o(.text)
    RTCAlarm_IRQHandler                      0x080001fb   Thumb Code     0  startup_stm32f10x_hd.o(.text)
    RTC_IRQHandler                           0x080001fb   Thumb Code     0  startup_stm32f10x_hd.o(.text)
    SDIO_IRQHandler                          0x080001fb   Thumb Code     0  startup_stm32f10x_hd.o(.text)
    SPI1_IRQHandler                          0x080001fb   Thumb Code     0  startup_stm32f10x_hd.o(.text)
    SPI2_IRQHandler                          0x080001fb   Thumb Code     0  startup_stm32f10x_hd.o(.text)
    SPI3_IRQHandler                          0x080001fb   Thumb Code     0  startup_stm32f10x_hd.o(.text)
    TAMPER_IRQHandler                        0x080001fb   Thumb Code     0  startup_stm32f10x_hd.o(.text)
    TIM1_BRK_IRQHandler                      0x080001fb   Thumb Code     0  startup_stm32f10x_hd.o(.text)
    TIM1_CC_IRQHandler                       0x080001fb   Thumb Code     0  startup_stm32f10x_hd.o(.text)
    TIM1_TRG_COM_IRQHandler                  0x080001fb   Thumb Code     0  startup_stm32f10x_hd.o(.text)
    TIM1_UP_IRQHandler                       0x080001fb   Thumb Code     0  startup_stm32f10x_hd.o(.text)
    TIM2_IRQHandler                          0x080001fb   Thumb Code     0  startup_stm32f10x_hd.o(.text)
    TIM3_IRQHandler                          0x080001fb   Thumb Code     0  startup_stm32f10x_hd.o(.text)
    TIM4_IRQHandler                          0x080001fb   Thumb Code     0  startup_stm32f10x_hd.o(.text)
    TIM5_IRQHandler                          0x080001fb   Thumb Code     0  startup_stm32f10x_hd.o(.text)
    TIM6_IRQHandler                          0x080001fb   Thumb Code     0  startup_stm32f10x_hd.o(.text)
    TIM7_IRQHandler                          0x080001fb   Thumb Code     0  startup_stm32f10x_hd.o(.text)
    TIM8_BRK_IRQHandler                      0x080001fb   Thumb Code     0  startup_stm32f10x_hd.o(.text)
    TIM8_CC_IRQHandler                       0x080001fb   Thumb Code     0  startup_stm32f10x_hd.o(.text)
    TIM8_TRG_COM_IRQHandler                  0x080001fb   Thumb Code     0  startup_stm32f10x_hd.o(.text)
    TIM8_UP_IRQHandler                       0x080001fb   Thumb Code     0  startup_stm32f10x_hd.o(.text)
    UART4_IRQHandler                         0x080001fb   Thumb Code     0  startup_stm32f10x_hd.o(.text)
    UART5_IRQHandler                         0x080001fb   Thumb Code     0  startup_stm32f10x_hd.o(.text)
    USART2_IRQHandler                        0x080001fb   Thumb Code     0  startup_stm32f10x_hd.o(.text)
    USART3_IRQHandler                        0x080001fb   Thumb Code     0  startup_stm32f10x_hd.o(.text)
    USBWakeUp_IRQHandler                     0x080001fb   Thumb Code     0  startup_stm32f10x_hd.o(.text)
    USB_HP_CAN1_TX_IRQHandler                0x080001fb   Thumb Code     0  startup_stm32f10x_hd.o(.text)
    USB_LP_CAN1_RX0_IRQHandler               0x080001fb   Thumb Code     0  startup_stm32f10x_hd.o(.text)
    WWDG_IRQHandler                          0x080001fb   Thumb Code     0  startup_stm32f10x_hd.o(.text)
    __aeabi_memset                           0x08000205   Thumb Code    14  memseta.o(.text)
    __aeabi_memset4                          0x08000205   Thumb Code     0  memseta.o(.text)
    __aeabi_memset8                          0x08000205   Thumb Code     0  memseta.o(.text)
    __aeabi_memclr                           0x08000213   Thumb Code     4  memseta.o(.text)
    __aeabi_memclr4                          0x08000213   Thumb Code     0  memseta.o(.text)
    __aeabi_memclr8                          0x08000213   Thumb Code     0  memseta.o(.text)
    _memset$wrapper                          0x08000217   Thumb Code    18  memseta.o(.text)
    __aeabi_fadd                             0x08000229   Thumb Code   164  fadd.o(.text)
    __aeabi_fsub                             0x080002cd   Thumb Code     6  fadd.o(.text)
    __aeabi_frsub                            0x080002d3   Thumb Code     6  fadd.o(.text)
    __aeabi_fdiv                             0x080002d9   Thumb Code   124  fdiv.o(.text)
    __aeabi_f2uiz                            0x08000355   Thumb Code    40  ffixui.o(.text)
    __aeabi_uldivmod                         0x0800037d   Thumb Code    98  uldiv.o(.text)
    __I$use$fp                               0x080003df   Thumb Code     0  iusefp.o(.text)
    _float_round                             0x080003df   Thumb Code    18  fepilogue.o(.text)
    _float_epilogue                          0x080003f1   Thumb Code    92  fepilogue.o(.text)
    __scatterload                            0x0800044d   Thumb Code    28  init.o(.text)
    __scatterload_rt2                        0x0800044d   Thumb Code     0  init.o(.text)
    __aeabi_llsl                             0x08000471   Thumb Code    30  llshl.o(.text)
    _ll_shift_l                              0x08000471   Thumb Code     0  llshl.o(.text)
    __aeabi_llsr                             0x0800048f   Thumb Code    32  llushr.o(.text)
    _ll_ushift_r                             0x0800048f   Thumb Code     0  llushr.o(.text)
    AppTaskCreate                            0x080004b1   Thumb Code   114  main_freertos.o(i.AppTaskCreate)
    Board_init                               0x08000585   Thumb Code    32  main_freertos.o(i.Board_init)
    BusFault_Handler                         0x080005a5   Thumb Code     4  stm32f10x_it.o(i.BusFault_Handler)
    DMA1_Channel5_IRQHandler                 0x080005a9   Thumb Code    58  stm32f10x_it.o(i.DMA1_Channel5_IRQHandler)
    DMA_ClearFlag                            0x080005e5   Thumb Code    18  stm32f10x_dma.o(i.DMA_ClearFlag)
    DMA_Cmd                                  0x08000601   Thumb Code    24  stm32f10x_dma.o(i.DMA_Cmd)
    DMA_GetFlagStatus                        0x08000619   Thumb Code    36  stm32f10x_dma.o(i.DMA_GetFlagStatus)
    DMA_ITConfig                             0x08000645   Thumb Code    18  stm32f10x_dma.o(i.DMA_ITConfig)
    DMA_Init                                 0x08000657   Thumb Code    60  stm32f10x_dma.o(i.DMA_Init)
    DebugMon_Handler                         0x08000693   Thumb Code     2  stm32f10x_it.o(i.DebugMon_Handler)
    GPIO_Init                                0x08000695   Thumb Code   278  stm32f10x_gpio.o(i.GPIO_Init)
    GPIO_ReadInputDataBit                    0x080007ab   Thumb Code    18  stm32f10x_gpio.o(i.GPIO_ReadInputDataBit)
    GPIO_ResetBits                           0x080007bd   Thumb Code     4  stm32f10x_gpio.o(i.GPIO_ResetBits)
    GPIO_SetBits                             0x080007c1   Thumb Code     4  stm32f10x_gpio.o(i.GPIO_SetBits)
    HardFault_Handler                        0x080007c5   Thumb Code     4  stm32f10x_it.o(i.HardFault_Handler)
    LED_Task                                 0x080007c9   Thumb Code    52  main_freertos.o(i.LED_Task)
    MP3_Play_Task                            0x08000805   Thumb Code   188  main_freertos.o(i.MP3_Play_Task)
    MemManage_Handler                        0x08000939   Thumb Code     4  stm32f10x_it.o(i.MemManage_Handler)
    NMI_Handler                              0x0800093d   Thumb Code     2  stm32f10x_it.o(i.NMI_Handler)
    NVIC_Init                                0x08000941   Thumb Code   100  misc.o(i.NVIC_Init)
    NVIC_PriorityGroupConfig                 0x080009b1   Thumb Code    10  misc.o(i.NVIC_PriorityGroupConfig)
    RCC_AHBPeriphClockCmd                    0x080009c5   Thumb Code    26  stm32f10x_rcc.o(i.RCC_AHBPeriphClockCmd)
    RCC_APB1PeriphClockCmd                   0x080009e5   Thumb Code    26  stm32f10x_rcc.o(i.RCC_APB1PeriphClockCmd)
    RCC_APB2PeriphClockCmd                   0x08000a05   Thumb Code    26  stm32f10x_rcc.o(i.RCC_APB2PeriphClockCmd)
    RCC_GetClocksFreq                        0x08000a25   Thumb Code   192  stm32f10x_rcc.o(i.RCC_GetClocksFreq)
    SPI_Cmd                                  0x08000af9   Thumb Code    24  stm32f10x_spi.o(i.SPI_Cmd)
    SPI_I2S_GetFlagStatus                    0x08000b11   Thumb Code    18  stm32f10x_spi.o(i.SPI_I2S_GetFlagStatus)
    SPI_I2S_ReceiveData                      0x08000b23   Thumb Code     6  stm32f10x_spi.o(i.SPI_I2S_ReceiveData)
    SPI_I2S_SendData                         0x08000b29   Thumb Code     4  stm32f10x_spi.o(i.SPI_I2S_SendData)
    SPI_Init                                 0x08000b2d   Thumb Code    60  stm32f10x_spi.o(i.SPI_Init)
    SysTick_Handler                          0x08000c7d   Thumb Code     8  stm32f10x_it.o(i.SysTick_Handler)
    SystemInit                               0x08000c85   Thumb Code    78  system_stm32f10x.o(i.SystemInit)
    USART1_IRQHandler                        0x08000ce5   Thumb Code     2  stm32f10x_it.o(i.USART1_IRQHandler)
    USART_Cmd                                0x08000ce7   Thumb Code    24  stm32f10x_usart.o(i.USART_Cmd)
    USART_DMACmd                             0x08000cff   Thumb Code    18  stm32f10x_usart.o(i.USART_DMACmd)
    USART_GetFlagStatus                      0x08000d11   Thumb Code    26  stm32f10x_usart.o(i.USART_GetFlagStatus)
    USART_Init                               0x08000d2d   Thumb Code   210  stm32f10x_usart.o(i.USART_Init)
    USART_SendData                           0x08000e05   Thumb Code     8  stm32f10x_usart.o(i.USART_SendData)
    UsageFault_Handler                       0x08000e0d   Thumb Code     4  stm32f10x_it.o(i.UsageFault_Handler)
    __0printf$8                              0x08000e11   Thumb Code    22  printf8.o(i.__0printf$8)
    __1printf$8                              0x08000e11   Thumb Code     0  printf8.o(i.__0printf$8)
    __2printf                                0x08000e11   Thumb Code     0  printf8.o(i.__0printf$8)
    __scatterload_copy                       0x08000e31   Thumb Code    14  handlers.o(i.__scatterload_copy)
    __scatterload_null                       0x08000e3f   Thumb Code     2  handlers.o(i.__scatterload_null)
    __scatterload_zeroinit                   0x08000e41   Thumb Code    14  handlers.o(i.__scatterload_zeroinit)
    end_fill_byte_send                       0x080012a9   Thumb Code   186  vs1053.o(i.end_fill_byte_send)
    fputc                                    0x08001371   Thumb Code    32  bsp_uart.o(i.fputc)
    gpio_init                                0x08001395   Thumb Code    46  bsp_gpio.o(i.gpio_init)
    main                                     0x080013cd   Thumb Code    46  main_freertos.o(i.main)
    pvPortMalloc                             0x08001865   Thumb Code   208  heap_4.o(i.pvPortMalloc)
    pxPortInitialiseStack                    0x08001949   Thumb Code    30  port.o(i.pxPortInitialiseStack)
    spi2_init                                0x0800196d   Thumb Code   116  vs1053.o(i.spi2_init)
    uart1_DMA1_init                          0x080019e9   Thumb Code   118  bsp_dma.o(i.uart1_DMA1_init)
    uart1_DMA1_renew                         0x08001a6d   Thumb Code    18  bsp_dma.o(i.uart1_DMA1_renew)
    uart1_init                               0x08001a89   Thumb Code   122  bsp_uart.o(i.uart1_init)
    uxListRemove                             0x08001b0d   Thumb Code    40  list.o(i.uxListRemove)
    vListInitialise                          0x08001b35   Thumb Code    26  list.o(i.vListInitialise)
    vListInitialiseItem                      0x08001b4f   Thumb Code     6  list.o(i.vListInitialiseItem)
    vListInsert                              0x08001b55   Thumb Code    52  list.o(i.vListInsert)
    vListInsertEnd                           0x08001b89   Thumb Code    24  list.o(i.vListInsertEnd)
    vPortEnterCritical                       0x08001ba1   Thumb Code    30  port.o(i.vPortEnterCritical)
    vPortExitCritical                        0x08001bc5   Thumb Code    28  port.o(i.vPortExitCritical)
    vPortFree                                0x08001be5   Thumb Code    68  heap_4.o(i.vPortFree)
    vPortSetupTimerInterrupt                 0x08001c31   Thumb Code    36  port.o(i.vPortSetupTimerInterrupt)
    vTaskDelay                               0x08001c59   Thumb Code    46  tasks.o(i.vTaskDelay)
    vTaskDelete                              0x08001c8d   Thumb Code   174  tasks.o(i.vTaskDelete)
    vTaskStartScheduler                      0x08001d61   Thumb Code    76  tasks.o(i.vTaskStartScheduler)
    vTaskSuspendAll                          0x08001dcd   Thumb Code    12  tasks.o(i.vTaskSuspendAll)
    vTaskSwitchContext                       0x08001ddd   Thumb Code    76  tasks.o(i.vTaskSwitchContext)
    vs1053_hardware_reset                    0x08001e3d   Thumb Code    90  vs1053.o(i.vs1053_hardware_reset)
    vs1053_init                              0x08001ea1   Thumb Code   198  vs1053.o(i.vs1053_init)
    vs1053_read_reg                          0x08001f71   Thumb Code   430  vs1053.o(i.vs1053_read_reg)
    vs1053_send_music_data                   0x08002191   Thumb Code   162  vs1053.o(i.vs1053_send_music_data)
    vs1053_soft_reset                        0x08002255   Thumb Code   196  vs1053.o(i.vs1053_soft_reset)
    vs1053_write_cmd                         0x080023a5   Thumb Code   468  vs1053.o(i.vs1053_write_cmd)
    vs1053b_clock_frequency_convert_to_register 0x080025d5   Thumb Code    36  vs1053.o(i.vs1053b_clock_frequency_convert_to_register)
    vs1053b_dat_write                        0x08002601   Thumb Code   170  vs1053.o(i.vs1053b_dat_write)
    vs1053b_set_clock_frequency              0x080026b9   Thumb Code    44  vs1053.o(i.vs1053b_set_clock_frequency)
    vs1053b_stop                             0x080026fd   Thumb Code   150  vs1053.o(i.vs1053b_stop)
    xPortStartScheduler                      0x080027b1   Thumb Code    42  port.o(i.xPortStartScheduler)
    xPortSysTickHandler                      0x080027e5   Thumb Code    46  port.o(i.xPortSysTickHandler)
    xQueueGenericCreate                      0x08002819   Thumb Code    76  queue.o(i.xQueueGenericCreate)
    xQueueGenericReset                       0x08002865   Thumb Code   156  queue.o(i.xQueueGenericReset)
    xTaskCreate                              0x08002905   Thumb Code   104  tasks.o(i.xTaskCreate)
    xTaskIncrementTick                       0x0800296d   Thumb Code   356  tasks.o(i.xTaskIncrementTick)
    xTaskRemoveFromEventList                 0x08002afd   Thumb Code   240  tasks.o(i.xTaskRemoveFromEventList)
    xTaskResumeAll                           0x08002c05   Thumb Code   310  tasks.o(i.xTaskResumeAll)
    Region$$Table$$Base                      0x08002d60   Number         0  anon$$obj.o(Region$$Table)
    Region$$Table$$Limit                     0x08002d80   Number         0  anon$$obj.o(Region$$Table)
    AppTaskCreate_Handle_t                   0x20000000   Data           4  main_freertos.o(.data)
    LED_Task_Handle_t                        0x20000004   Data           4  main_freertos.o(.data)
    MP3_Task_Handle_t                        0x20000008   Data           4  main_freertos.o(.data)
    uart_Task_Handle_t                       0x2000000c   Data           4  main_freertos.o(.data)
    Binary_uart_Sem_Handle                   0x20000010   Data           4  main_freertos.o(.data)
    single_use                               0x20000014   Data           1  main_freertos.o(.data)
    i                                        0x20000016   Data           2  main_freertos.o(.data)
    j                                        0x20000018   Data           2  main_freertos.o(.data)
    k                                        0x2000001a   Data           2  main_freertos.o(.data)
    r_index                                  0x2000001c   Data           2  main_freertos.o(.data)
    finish_send_cntr                         0x20000020   Data           4  main_freertos.o(.data)
    pxCurrentTCB                             0x20000028   Data           4  tasks.o(.data)
    uxTopUsedPriority                        0x20000060   Data           4  tasks.o(.data)
    SystemCoreClock                          0x20000068   Data           4  system_stm32f10x.o(.data)
    AHBPrescTable                            0x2000006c   Data          16  system_stm32f10x.o(.data)
    __stdout                                 0x200000b0   Data           4  stdout.o(.data)
    mp3_arry3                                0x200000b4   Data       54273  mp3.o(.bss)
    mp3_arry6                                0x2000d4b5   Data          30  mp3.o(.bss)
    __initial_sp                             0x2000ffb8   Data           0  startup_stm32f10x_hd.o(STACK)



==============================================================================

Memory Map of the image

  Image Entry point : 0x08000131

  Load Region LR_IROM1 (Base: 0x08000000, Size: 0x00002e34, Max: 0x00080000, ABSOLUTE)

    Execution Region ER_IROM1 (Exec base: 0x08000000, Load base: 0x08000000, Size: 0x00002d80, Max: 0x00080000, ABSOLUTE)

    Exec Addr    Load Addr    Size         Type   Attr      Idx    E Section Name        Object

    0x08000000   0x08000000   0x00000130   Data   RO         1210    RESET               startup_stm32f10x_hd.o
    0x08000130   0x08000130   0x00000000   Code   RO         2138  * .ARM.Collect$$$$00000000  mc_w.l(entry.o)
    0x08000130   0x08000130   0x00000004   Code   RO         2414    .ARM.Collect$$$$00000001  mc_w.l(entry2.o)
    0x08000134   0x08000134   0x00000004   Code   RO         2417    .ARM.Collect$$$$00000004  mc_w.l(entry5.o)
    0x08000138   0x08000138   0x00000000   Code   RO         2419    .ARM.Collect$$$$00000008  mc_w.l(entry7b.o)
    0x08000138   0x08000138   0x00000000   Code   RO         2421    .ARM.Collect$$$$0000000A  mc_w.l(entry8b.o)
    0x08000138   0x08000138   0x00000008   Code   RO         2422    .ARM.Collect$$$$0000000B  mc_w.l(entry9a.o)
    0x08000140   0x08000140   0x00000004   Code   RO         2429    .ARM.Collect$$$$0000000E  mc_w.l(entry12b.o)
    0x08000144   0x08000144   0x00000000   Code   RO         2424    .ARM.Collect$$$$0000000F  mc_w.l(entry10a.o)
    0x08000144   0x08000144   0x00000000   Code   RO         2426    .ARM.Collect$$$$00000011  mc_w.l(entry11a.o)
    0x08000144   0x08000144   0x00000004   Code   RO         2415    .ARM.Collect$$$$00002712  mc_w.l(entry2.o)
    0x08000148   0x08000148   0x00000096   Code   RO         2006    .emb_text           port.o
    0x080001de   0x080001de   0x00000002   PAD
    0x080001e0   0x080001e0   0x00000024   Code   RO         1211    .text               startup_stm32f10x_hd.o
    0x08000204   0x08000204   0x00000024   Code   RO         2143    .text               mc_w.l(memseta.o)
    0x08000228   0x08000228   0x000000b0   Code   RO         2408    .text               mf_w.l(fadd.o)
    0x080002d8   0x080002d8   0x0000007c   Code   RO         2410    .text               mf_w.l(fdiv.o)
    0x08000354   0x08000354   0x00000028   Code   RO         2412    .text               mf_w.l(ffixui.o)
    0x0800037c   0x0800037c   0x00000062   Code   RO         2433    .text               mc_w.l(uldiv.o)
    0x080003de   0x080003de   0x00000000   Code   RO         2435    .text               mc_w.l(iusefp.o)
    0x080003de   0x080003de   0x0000006e   Code   RO         2436    .text               mf_w.l(fepilogue.o)
    0x0800044c   0x0800044c   0x00000024   Code   RO         2448    .text               mc_w.l(init.o)
    0x08000470   0x08000470   0x0000001e   Code   RO         2450    .text               mc_w.l(llshl.o)
    0x0800048e   0x0800048e   0x00000020   Code   RO         2452    .text               mc_w.l(llushr.o)
    0x080004ae   0x080004ae   0x00000002   PAD
    0x080004b0   0x080004b0   0x000000d4   Code   RO          227    i.AppTaskCreate     main_freertos.o
    0x08000584   0x08000584   0x00000020   Code   RO          228    i.Board_init        main_freertos.o
    0x080005a4   0x080005a4   0x00000004   Code   RO          122    i.BusFault_Handler  stm32f10x_it.o
    0x080005a8   0x080005a8   0x0000003a   Code   RO          123    i.DMA1_Channel5_IRQHandler  stm32f10x_it.o
    0x080005e2   0x080005e2   0x00000002   PAD
    0x080005e4   0x080005e4   0x0000001c   Code   RO         1934    i.DMA_ClearFlag     stm32f10x_dma.o
    0x08000600   0x08000600   0x00000018   Code   RO         1936    i.DMA_Cmd           stm32f10x_dma.o
    0x08000618   0x08000618   0x0000002c   Code   RO         1939    i.DMA_GetFlagStatus  stm32f10x_dma.o
    0x08000644   0x08000644   0x00000012   Code   RO         1941    i.DMA_ITConfig      stm32f10x_dma.o
    0x08000656   0x08000656   0x0000003c   Code   RO         1942    i.DMA_Init          stm32f10x_dma.o
    0x08000692   0x08000692   0x00000002   Code   RO          124    i.DebugMon_Handler  stm32f10x_it.o
    0x08000694   0x08000694   0x00000116   Code   RO         1466    i.GPIO_Init         stm32f10x_gpio.o
    0x080007aa   0x080007aa   0x00000012   Code   RO         1470    i.GPIO_ReadInputDataBit  stm32f10x_gpio.o
    0x080007bc   0x080007bc   0x00000004   Code   RO         1473    i.GPIO_ResetBits    stm32f10x_gpio.o
    0x080007c0   0x080007c0   0x00000004   Code   RO         1474    i.GPIO_SetBits      stm32f10x_gpio.o
    0x080007c4   0x080007c4   0x00000004   Code   RO          125    i.HardFault_Handler  stm32f10x_it.o
    0x080007c8   0x080007c8   0x0000003c   Code   RO          229    i.LED_Task          main_freertos.o
    0x08000804   0x08000804   0x00000134   Code   RO          230    i.MP3_Play_Task     main_freertos.o
    0x08000938   0x08000938   0x00000004   Code   RO          126    i.MemManage_Handler  stm32f10x_it.o
    0x0800093c   0x0800093c   0x00000002   Code   RO          127    i.NMI_Handler       stm32f10x_it.o
    0x0800093e   0x0800093e   0x00000002   PAD
    0x08000940   0x08000940   0x00000070   Code   RO         1574    i.NVIC_Init         misc.o
    0x080009b0   0x080009b0   0x00000014   Code   RO         1575    i.NVIC_PriorityGroupConfig  misc.o
    0x080009c4   0x080009c4   0x00000020   Code   RO         1261    i.RCC_AHBPeriphClockCmd  stm32f10x_rcc.o
    0x080009e4   0x080009e4   0x00000020   Code   RO         1262    i.RCC_APB1PeriphClockCmd  stm32f10x_rcc.o
    0x08000a04   0x08000a04   0x00000020   Code   RO         1264    i.RCC_APB2PeriphClockCmd  stm32f10x_rcc.o
    0x08000a24   0x08000a24   0x000000d4   Code   RO         1272    i.RCC_GetClocksFreq  stm32f10x_rcc.o
    0x08000af8   0x08000af8   0x00000018   Code   RO         1615    i.SPI_Cmd           stm32f10x_spi.o
    0x08000b10   0x08000b10   0x00000012   Code   RO         1623    i.SPI_I2S_GetFlagStatus  stm32f10x_spi.o
    0x08000b22   0x08000b22   0x00000006   Code   RO         1626    i.SPI_I2S_ReceiveData  stm32f10x_spi.o
    0x08000b28   0x08000b28   0x00000004   Code   RO         1627    i.SPI_I2S_SendData  stm32f10x_spi.o
    0x08000b2c   0x08000b2c   0x0000003c   Code   RO         1628    i.SPI_Init          stm32f10x_spi.o
    0x08000b68   0x08000b68   0x0000002c   Code   RO          307    i.SPI_TIMEOUT_UserCallback  vs1053.o
    0x08000b94   0x08000b94   0x00000008   Code   RO         1226    i.SetSysClock       system_stm32f10x.o
    0x08000b9c   0x08000b9c   0x000000e0   Code   RO         1227    i.SetSysClockTo72   system_stm32f10x.o
    0x08000c7c   0x08000c7c   0x00000008   Code   RO          128    i.SysTick_Handler   stm32f10x_it.o
    0x08000c84   0x08000c84   0x00000060   Code   RO         1229    i.SystemInit        system_stm32f10x.o
    0x08000ce4   0x08000ce4   0x00000002   Code   RO          129    i.USART1_IRQHandler  stm32f10x_it.o
    0x08000ce6   0x08000ce6   0x00000018   Code   RO         1758    i.USART_Cmd         stm32f10x_usart.o
    0x08000cfe   0x08000cfe   0x00000012   Code   RO         1759    i.USART_DMACmd      stm32f10x_usart.o
    0x08000d10   0x08000d10   0x0000001a   Code   RO         1761    i.USART_GetFlagStatus  stm32f10x_usart.o
    0x08000d2a   0x08000d2a   0x00000002   PAD
    0x08000d2c   0x08000d2c   0x000000d8   Code   RO         1765    i.USART_Init        stm32f10x_usart.o
    0x08000e04   0x08000e04   0x00000008   Code   RO         1775    i.USART_SendData    stm32f10x_usart.o
    0x08000e0c   0x08000e0c   0x00000004   Code   RO          130    i.UsageFault_Handler  stm32f10x_it.o
    0x08000e10   0x08000e10   0x00000020   Code   RO         2354    i.__0printf$8       mc_w.l(printf8.o)
    0x08000e30   0x08000e30   0x0000000e   Code   RO         2460    i.__scatterload_copy  mc_w.l(handlers.o)
    0x08000e3e   0x08000e3e   0x00000002   Code   RO         2461    i.__scatterload_null  mc_w.l(handlers.o)
    0x08000e40   0x08000e40   0x0000000e   Code   RO         2462    i.__scatterload_zeroinit  mc_w.l(handlers.o)
    0x08000e4e   0x08000e4e   0x00000002   PAD
    0x08000e50   0x08000e50   0x00000404   Code   RO         2361    i._printf_core      mc_w.l(printf8.o)
    0x08001254   0x08001254   0x00000024   Code   RO         2362    i._printf_post_padding  mc_w.l(printf8.o)
    0x08001278   0x08001278   0x0000002e   Code   RO         2363    i._printf_pre_padding  mc_w.l(printf8.o)
    0x080012a6   0x080012a6   0x00000002   PAD
    0x080012a8   0x080012a8   0x000000c8   Code   RO          308    i.end_fill_byte_send  vs1053.o
    0x08001370   0x08001370   0x00000024   Code   RO          420    i.fputc             bsp_uart.o
    0x08001394   0x08001394   0x00000038   Code   RO            6    i.gpio_init         bsp_gpio.o
    0x080013cc   0x080013cc   0x00000048   Code   RO          231    i.main              main_freertos.o
    0x08001414   0x08001414   0x000000c0   Code   RO          905    i.prvAddCurrentTaskToDelayedList  tasks.o
    0x080014d4   0x080014d4   0x000000e4   Code   RO          906    i.prvAddNewTaskToReadyList  tasks.o
    0x080015b8   0x080015b8   0x00000048   Code   RO          907    i.prvCheckTasksWaitingTermination  tasks.o
    0x08001600   0x08001600   0x00000012   Code   RO          908    i.prvDeleteTCB      tasks.o
    0x08001612   0x08001612   0x00000002   PAD
    0x08001614   0x08001614   0x00000070   Code   RO         2077    i.prvHeapInit       heap_4.o
    0x08001684   0x08001684   0x00000028   Code   RO          909    i.prvIdleTask       tasks.o
    0x080016ac   0x080016ac   0x00000026   Code   RO          505    i.prvInitialiseNewQueue  queue.o
    0x080016d2   0x080016d2   0x0000007a   Code   RO          910    i.prvInitialiseNewTask  tasks.o
    0x0800174c   0x0800174c   0x00000068   Code   RO          911    i.prvInitialiseTaskLists  tasks.o
    0x080017b4   0x080017b4   0x00000068   Code   RO         2078    i.prvInsertBlockIntoFreeList  heap_4.o
    0x0800181c   0x0800181c   0x00000030   Code   RO          912    i.prvResetNextTaskUnblockTime  tasks.o
    0x0800184c   0x0800184c   0x00000016   Code   RO         2007    i.prvTaskExitError  port.o
    0x08001862   0x08001862   0x00000002   PAD
    0x08001864   0x08001864   0x000000e4   Code   RO         2080    i.pvPortMalloc      heap_4.o
    0x08001948   0x08001948   0x00000024   Code   RO         2008    i.pxPortInitialiseStack  port.o
    0x0800196c   0x0800196c   0x0000007c   Code   RO          309    i.spi2_init         vs1053.o
    0x080019e8   0x080019e8   0x00000084   Code   RO          461    i.uart1_DMA1_init   bsp_dma.o
    0x08001a6c   0x08001a6c   0x0000001c   Code   RO          462    i.uart1_DMA1_renew  bsp_dma.o
    0x08001a88   0x08001a88   0x00000084   Code   RO          421    i.uart1_init        bsp_uart.o
    0x08001b0c   0x08001b0c   0x00000028   Code   RO          733    i.uxListRemove      list.o
    0x08001b34   0x08001b34   0x0000001a   Code   RO          734    i.vListInitialise   list.o
    0x08001b4e   0x08001b4e   0x00000006   Code   RO          735    i.vListInitialiseItem  list.o
    0x08001b54   0x08001b54   0x00000034   Code   RO          736    i.vListInsert       list.o
    0x08001b88   0x08001b88   0x00000018   Code   RO          737    i.vListInsertEnd    list.o
    0x08001ba0   0x08001ba0   0x00000024   Code   RO         2010    i.vPortEnterCritical  port.o
    0x08001bc4   0x08001bc4   0x00000020   Code   RO         2011    i.vPortExitCritical  port.o
    0x08001be4   0x08001be4   0x0000004c   Code   RO         2081    i.vPortFree         heap_4.o
    0x08001c30   0x08001c30   0x00000028   Code   RO         2012    i.vPortSetupTimerInterrupt  port.o
    0x08001c58   0x08001c58   0x00000034   Code   RO          920    i.vTaskDelay        tasks.o
    0x08001c8c   0x08001c8c   0x000000d4   Code   RO          921    i.vTaskDelete       tasks.o
    0x08001d60   0x08001d60   0x0000006c   Code   RO          932    i.vTaskStartScheduler  tasks.o
    0x08001dcc   0x08001dcc   0x00000010   Code   RO          934    i.vTaskSuspendAll   tasks.o
    0x08001ddc   0x08001ddc   0x00000060   Code   RO          935    i.vTaskSwitchContext  tasks.o
    0x08001e3c   0x08001e3c   0x00000064   Code   RO          310    i.vs1053_hardware_reset  vs1053.o
    0x08001ea0   0x08001ea0   0x000000d0   Code   RO          311    i.vs1053_init       vs1053.o
    0x08001f70   0x08001f70   0x00000220   Code   RO          312    i.vs1053_read_reg   vs1053.o
    0x08002190   0x08002190   0x000000c4   Code   RO          314    i.vs1053_send_music_data  vs1053.o
    0x08002254   0x08002254   0x00000150   Code   RO          315    i.vs1053_soft_reset  vs1053.o
    0x080023a4   0x080023a4   0x00000230   Code   RO          316    i.vs1053_write_cmd  vs1053.o
    0x080025d4   0x080025d4   0x0000002c   Code   RO          317    i.vs1053b_clock_frequency_convert_to_register  vs1053.o
    0x08002600   0x08002600   0x000000b8   Code   RO          318    i.vs1053b_dat_write  vs1053.o
    0x080026b8   0x080026b8   0x00000044   Code   RO          319    i.vs1053b_set_clock_frequency  vs1053.o
    0x080026fc   0x080026fc   0x000000b4   Code   RO          320    i.vs1053b_stop      vs1053.o
    0x080027b0   0x080027b0   0x00000034   Code   RO         2013    i.xPortStartScheduler  port.o
    0x080027e4   0x080027e4   0x00000034   Code   RO         2014    i.xPortSysTickHandler  port.o
    0x08002818   0x08002818   0x0000004c   Code   RO          513    i.xQueueGenericCreate  queue.o
    0x08002864   0x08002864   0x000000a0   Code   RO          514    i.xQueueGenericReset  queue.o
    0x08002904   0x08002904   0x00000068   Code   RO          938    i.xTaskCreate       tasks.o
    0x0800296c   0x0800296c   0x00000190   Code   RO          947    i.xTaskIncrementTick  tasks.o
    0x08002afc   0x08002afc   0x00000108   Code   RO          948    i.xTaskRemoveFromEventList  tasks.o
    0x08002c04   0x08002c04   0x0000015c   Code   RO          949    i.xTaskResumeAll    tasks.o
    0x08002d60   0x08002d60   0x00000020   Data   RO         2458    Region$$Table       anon$$obj.o


    Execution Region RW_IRAM1 (Exec base: 0x20000000, Load base: 0x08002d80, Size: 0x0000ffb8, Max: 0x00010000, ABSOLUTE)

    Exec Addr    Load Addr    Size         Type   Attr      Idx    E Section Name        Object

    0x20000000   0x08002d80   0x00000024   Data   RW          234    .data               main_freertos.o
    0x20000024   0x08002da4   0x00000004   Data   RW          322    .data               vs1053.o
    0x20000028   0x08002da8   0x00000040   Data   RW          952    .data               tasks.o
    0x20000068   0x08002de8   0x00000014   Data   RW         1230    .data               system_stm32f10x.o
    0x2000007c   0x08002dfc   0x00000014   Data   RW         1292    .data               stm32f10x_rcc.o
    0x20000090   0x08002e10   0x00000004   Data   RW         2015    .data               port.o
    0x20000094   0x08002e14   0x0000001c   Data   RW         2087    .data               heap_4.o
    0x200000b0   0x08002e30   0x00000004   Data   RW         2430    .data               mc_w.l(stdout.o)
    0x200000b4        -       0x0000d41f   Zero   RW          490    .bss                mp3.o
    0x2000d4d3   0x08002e34   0x00000001   PAD
    0x2000d4d4        -       0x000002e4   Zero   RW          951    .bss                tasks.o
    0x2000d7b8        -       0x00001800   Zero   RW         2086    .bss                heap_4.o
    0x2000efb8        -       0x00001000   Zero   RW         1208    STACK               startup_stm32f10x_hd.o


==============================================================================

Image component sizes


      Code (inc. data)   RO Data    RW Data    ZI Data      Debug   Object Name

       160         24          0          0          0       1125   bsp_dma.o
        56         10          0          0          0     248420   bsp_gpio.o
       168         14          0          0          0       1237   bsp_uart.o
       520         58          0         28       6144       4619   heap_4.o
       148          0          0          0          0       3206   list.o
         0          0          0          0          0       1444   main.o
       684        252          0         36          0      17433   main_freertos.o
       132         22          0          0          0       1631   misc.o
         0          0          0          0      54303        660   mp3.o
       420         48          0          4          0       8928   port.o
       274          4          0          0          0       9151   queue.o
        36          8        304          0       4096        840   startup_stm32f10x_hd.o
       174         18          0          0          0       4664   stm32f10x_dma.o
       304          0          0          0          0       3804   stm32f10x_gpio.o
        88          0          0          0          0      22558   stm32f10x_it.o
       308         38          0         20          0       5162   stm32f10x_rcc.o
       112          0          0          0          0       4002   stm32f10x_spi.o
       292          6          0          0          0       4783   stm32f10x_usart.o
       328         28          0         20          0       2201   system_stm32f10x.o
      2424        324          0         64        740      27572   tasks.o
      2788        526          0          4          0      10117   vs1053.o

    ----------------------------------------------------------------------
      9428       1380        336        176      65284     383557   Object Totals
         0          0         32          0          0          0   (incl. Generated)
        12          0          0          0          1          0   (incl. Padding)

    ----------------------------------------------------------------------

      Code (inc. data)   RO Data    RW Data    ZI Data      Debug   Library Member Name

         0          0          0          0          0          0   entry.o
         0          0          0          0          0          0   entry10a.o
         0          0          0          0          0          0   entry11a.o
         4          0          0          0          0          0   entry12b.o
         8          4          0          0          0          0   entry2.o
         4          0          0          0          0          0   entry5.o
         0          0          0          0          0          0   entry7b.o
         0          0          0          0          0          0   entry8b.o
         8          4          0          0          0          0   entry9a.o
        30          0          0          0          0          0   handlers.o
        36          8          0          0          0         68   init.o
         0          0          0          0          0          0   iusefp.o
        30          0          0          0          0         68   llshl.o
        32          0          0          0          0         68   llushr.o
        36          0          0          0          0        108   memseta.o
      1142         54          0          0          0        352   printf8.o
         0          0          0          4          0          0   stdout.o
        98          0          0          0          0         92   uldiv.o
       176          0          0          0          0        140   fadd.o
       124          0          0          0          0         88   fdiv.o
       110          0          0          0          0        168   fepilogue.o
        40          0          0          0          0         68   ffixui.o

    ----------------------------------------------------------------------
      1884         70          0          4          0       1220   Library Totals
         6          0          0          0          0          0   (incl. Padding)

    ----------------------------------------------------------------------

      Code (inc. data)   RO Data    RW Data    ZI Data      Debug   Library Name

      1428         70          0          4          0        756   mc_w.l
       450          0          0          0          0        464   mf_w.l

    ----------------------------------------------------------------------
      1884         70          0          4          0       1220   Library Totals

    ----------------------------------------------------------------------

==============================================================================


      Code (inc. data)   RO Data    RW Data    ZI Data      Debug   

     11312       1450        336        180      65284     379521   Grand Totals
     11312       1450        336        180      65284     379521   ELF Image Totals
     11312       1450        336        180          0          0   ROM Totals

==============================================================================

    Total RO  Size (Code + RO Data)                11648 (  11.38kB)
    Total RW  Size (RW Data + ZI Data)             65464 (  63.93kB)
    Total ROM Size (Code + RO Data + RW Data)      11828 (  11.55kB)

==============================================================================

